Archive member included to satisfy reference by file (symbol)

d:/program_files/altera/nios2eds/bin/gnu/h-x86_64-mingw32/bin/../lib/gcc/nios2-elf/4.9.1/mno-hw-mul\libgcc.a(lib2-mul.o)
                              obj/default/image.o (__mulsi3)
d:/program_files/altera/nios2eds/bin/gnu/h-x86_64-mingw32/bin/../lib/gcc/nios2-elf/4.9.1/../../../../../H-x86_64-mingw32/nios2-elf/lib/mno-hw-mul\libc.a(lib_a-exit.o)
                              obj/default/image.o (exit)
d:/program_files/altera/nios2eds/bin/gnu/h-x86_64-mingw32/bin/../lib/gcc/nios2-elf/4.9.1/../../../../../H-x86_64-mingw32/nios2-elf/lib/mno-hw-mul\libc.a(lib_a-fclose.o)
                              obj/default/image.o (fclose)
d:/program_files/altera/nios2eds/bin/gnu/h-x86_64-mingw32/bin/../lib/gcc/nios2-elf/4.9.1/../../../../../H-x86_64-mingw32/nios2-elf/lib/mno-hw-mul\libc.a(lib_a-fflush.o)
                              d:/program_files/altera/nios2eds/bin/gnu/h-x86_64-mingw32/bin/../lib/gcc/nios2-elf/4.9.1/../../../../../H-x86_64-mingw32/nios2-elf/lib/mno-hw-mul\libc.a(lib_a-fclose.o) (_fflush_r)
d:/program_files/altera/nios2eds/bin/gnu/h-x86_64-mingw32/bin/../lib/gcc/nios2-elf/4.9.1/../../../../../H-x86_64-mingw32/nios2-elf/lib/mno-hw-mul\libc.a(lib_a-findfp.o)
                              d:/program_files/altera/nios2eds/bin/gnu/h-x86_64-mingw32/bin/../lib/gcc/nios2-elf/4.9.1/../../../../../H-x86_64-mingw32/nios2-elf/lib/mno-hw-mul\libc.a(lib_a-fclose.o) (__sinit)
d:/program_files/altera/nios2eds/bin/gnu/h-x86_64-mingw32/bin/../lib/gcc/nios2-elf/4.9.1/../../../../../H-x86_64-mingw32/nios2-elf/lib/mno-hw-mul\libc.a(lib_a-fopen.o)
                              obj/default/image.o (fopen)
d:/program_files/altera/nios2eds/bin/gnu/h-x86_64-mingw32/bin/../lib/gcc/nios2-elf/4.9.1/../../../../../H-x86_64-mingw32/nios2-elf/lib/mno-hw-mul\libc.a(lib_a-fread.o)
                              obj/default/image.o (fread)
d:/program_files/altera/nios2eds/bin/gnu/h-x86_64-mingw32/bin/../lib/gcc/nios2-elf/4.9.1/../../../../../H-x86_64-mingw32/nios2-elf/lib/mno-hw-mul\libc.a(lib_a-freer.o)
                              d:/program_files/altera/nios2eds/bin/gnu/h-x86_64-mingw32/bin/../lib/gcc/nios2-elf/4.9.1/../../../../../H-x86_64-mingw32/nios2-elf/lib/mno-hw-mul\libc.a(lib_a-fclose.o) (_free_r)
d:/program_files/altera/nios2eds/bin/gnu/h-x86_64-mingw32/bin/../lib/gcc/nios2-elf/4.9.1/../../../../../H-x86_64-mingw32/nios2-elf/lib/mno-hw-mul\libc.a(lib_a-fseek.o)
                              d:/program_files/altera/nios2eds/bin/gnu/h-x86_64-mingw32/bin/../lib/gcc/nios2-elf/4.9.1/../../../../../H-x86_64-mingw32/nios2-elf/lib/mno-hw-mul\libc.a(lib_a-fopen.o) (_fseek_r)
d:/program_files/altera/nios2eds/bin/gnu/h-x86_64-mingw32/bin/../lib/gcc/nios2-elf/4.9.1/../../../../../H-x86_64-mingw32/nios2-elf/lib/mno-hw-mul\libc.a(lib_a-fstatr.o)
                              d:/program_files/altera/nios2eds/bin/gnu/h-x86_64-mingw32/bin/../lib/gcc/nios2-elf/4.9.1/../../../../../H-x86_64-mingw32/nios2-elf/lib/mno-hw-mul\libc.a(lib_a-fseek.o) (_fstat_r)
d:/program_files/altera/nios2eds/bin/gnu/h-x86_64-mingw32/bin/../lib/gcc/nios2-elf/4.9.1/../../../../../H-x86_64-mingw32/nios2-elf/lib/mno-hw-mul\libc.a(lib_a-fwalk.o)
                              d:/program_files/altera/nios2eds/bin/gnu/h-x86_64-mingw32/bin/../lib/gcc/nios2-elf/4.9.1/../../../../../H-x86_64-mingw32/nios2-elf/lib/mno-hw-mul\libc.a(lib_a-findfp.o) (_fwalk)
d:/program_files/altera/nios2eds/bin/gnu/h-x86_64-mingw32/bin/../lib/gcc/nios2-elf/4.9.1/../../../../../H-x86_64-mingw32/nios2-elf/lib/mno-hw-mul\libc.a(lib_a-fwrite.o)
                              obj/default/image.o (fwrite)
d:/program_files/altera/nios2eds/bin/gnu/h-x86_64-mingw32/bin/../lib/gcc/nios2-elf/4.9.1/../../../../../H-x86_64-mingw32/nios2-elf/lib/mno-hw-mul\libc.a(lib_a-impure.o)
                              d:/program_files/altera/nios2eds/bin/gnu/h-x86_64-mingw32/bin/../lib/gcc/nios2-elf/4.9.1/../../../../../H-x86_64-mingw32/nios2-elf/lib/mno-hw-mul\libc.a(lib_a-exit.o) (_global_impure_ptr)
d:/program_files/altera/nios2eds/bin/gnu/h-x86_64-mingw32/bin/../lib/gcc/nios2-elf/4.9.1/../../../../../H-x86_64-mingw32/nios2-elf/lib/mno-hw-mul\libc.a(lib_a-int_errno.o)
                              d:/program_files/altera/nios2eds/bin/gnu/h-x86_64-mingw32/bin/../lib/gcc/nios2-elf/4.9.1/../../../../../H-x86_64-mingw32/nios2-elf/lib/mno-hw-mul\libc.a(lib_a-fstatr.o) (errno)
d:/program_files/altera/nios2eds/bin/gnu/h-x86_64-mingw32/bin/../lib/gcc/nios2-elf/4.9.1/../../../../../H-x86_64-mingw32/nios2-elf/lib/mno-hw-mul\libc.a(lib_a-makebuf.o)
                              d:/program_files/altera/nios2eds/bin/gnu/h-x86_64-mingw32/bin/../lib/gcc/nios2-elf/4.9.1/../../../../../H-x86_64-mingw32/nios2-elf/lib/mno-hw-mul\libc.a(lib_a-fseek.o) (__smakebuf_r)
d:/program_files/altera/nios2eds/bin/gnu/h-x86_64-mingw32/bin/../lib/gcc/nios2-elf/4.9.1/../../../../../H-x86_64-mingw32/nios2-elf/lib/mno-hw-mul\libc.a(lib_a-malloc.o)
[...]
Memory Configuration

Name             Origin             Length             Attributes
reset            0x0000000002000000 0x0000000000000020
sdram            0x0000000002000020 0x0000000001ffffe0
*default*        0x0000000000000000 0xffffffffffffffff

Linker script and memory map

LOAD ../Basic_DVS_App2_bsp//obj/HAL/src/crt0.o
LOAD obj/default/image.o
LOAD obj/default/main.o
LOAD d:/program_files/altera/nios2eds/bin/gnu/h-x86_64-mingw32/bin/../lib/gcc/nios2-elf/4.9.1/../../../../../H-x86_64-mingw32/nios2-elf/lib/mno-hw-mul\libstdc++.a
LOAD d:/program_files/altera/nios2eds/bin/gnu/h-x86_64-mingw32/bin/../lib/gcc/nios2-elf/4.9.1/../../../../../H-x86_64-mingw32/nios2-elf/lib/mno-hw-mul\libm.a
LOAD d:/program_files/altera/nios2eds/bin/gnu/h-x86_64-mingw32/bin/../lib/gcc/nios2-elf/4.9.1/mno-hw-mul\libgcc.a
START GROUP
LOAD d:/program_files/altera/nios2eds/bin/gnu/h-x86_64-mingw32/bin/../lib/gcc/nios2-elf/4.9.1/../../../../../H-x86_64-mingw32/nios2-elf/lib/mno-hw-mul\libc.a
LOAD d:/program_files/altera/nios2eds/bin/gnu/h-x86_64-mingw32/bin/../lib/gcc/nios2-elf/4.9.1/mno-hw-mul\libgcc.a
LOAD ../Basic_DVS_App2_bsp/\libhal_bsp.a
LOAD d:/program_files/altera/nios2eds/bin/gnu/h-x86_64-mingw32/bin/../lib/gcc/nios2-elf/4.9.1/../../../../../H-x86_64-mingw32/nios2-elf/lib/mno-hw-mul\libm.a
END GROUP
LOAD d:/program_files/altera/nios2eds/bin/gnu/h-x86_64-mingw32/bin/../lib/gcc/nios2-elf/4.9.1/mno-hw-mul\libgcc.a
                0x0000000002000000                __alt_mem_sdram = 0x2000000

.entry          0x0000000002000000       0x20
 *(.entry)
 .entry         0x0000000002000000       0x20 ../Basic_DVS_App2_bsp//obj/HAL/src/crt0.o
                0x0000000002000000                __reset

.exceptions     0x0000000002000020      0x20c
                0x0000000002000020                PROVIDE (__ram_exceptions_start, ABSOLUTE (.))
                0x0000000002000020                . = ALIGN (0x20)
 *(.irq)
 *(.exceptions.entry.label)
 .exceptions.entry.label
                0x0000000002000020        0x0 ../Basic_DVS_App2_bsp/\libhal_bsp.a(alt_irq_entry.o)
                0x0000000002000020                alt_irq_entry
 .exceptions.entry.label
                0x0000000002000020        0x0 ../Basic_DVS_App2_bsp/\libhal_bsp.a(alt_exception_entry.o)
                0x0000000002000020                alt_exception
 *(.exceptions.entry.user)
 *(.exceptions.entry.ecc_fatal)
 *(.exceptions.entry)
 .exceptions.entry
                0x0000000002000020       0x54 ../Basic_DVS_App2_bsp/\libhal_bsp.a(alt_exception_entry.o)
 *(.exceptions.irqtest.user)
 *(.exceptions.irqtest)
 .exceptions.irqtest
                0x0000000002000074       0x10 ../Basic_DVS_App2_bsp/\libhal_bsp.a(alt_irq_entry.o)
 *(.exceptions.irqhandler.user)
 *(.exceptions.irqhandler)
 .exceptions.irqhandler
                0x0000000002000084        0x4 ../Basic_DVS_App2_bsp/\libhal_bsp.a(alt_irq_entry.o)
 *(.exceptions.irqreturn.user)
 *(.exceptions.irqreturn)
 .exceptions.irqreturn
                0x0000000002000088        0x4 ../Basic_DVS_App2_bsp/\libhal_bsp.a(alt_irq_entry.o)
 *(.exceptions.notirq.label)
 .exceptions.notirq.label
                0x000000000200008c        0x0 ../Basic_DVS_App2_bsp/\libhal_bsp.a(alt_irq_entry.o)
 *(.exceptions.notirq.user)
 *(.exceptions.notirq)
 .exceptions.notirq
                0x000000000200008c        0x8 ../Basic_DVS_App2_bsp/\libhal_bsp.a(alt_exception_entry.o)
 *(.exceptions.soft.user)
 *(.exceptions.soft)
 *(.exceptions.unknown.user)
 *(.exceptions.unknown)
 .exceptions.unknown
                0x0000000002000094       0x14 ../Basic_DVS_App2_bsp/\libhal_bsp.a(alt_exception_entry.o)
 *(.exceptions.exit.label)
 .exceptions.exit.label
                0x00000000020000a8        0x0 ../Basic_DVS_App2_bsp/\libhal_bsp.a(alt_irq_entry.o)
 .exceptions.exit.label
                0x00000000020000a8        0x0 ../Basic_DVS_App2_bsp/\libhal_bsp.a(alt_exception_entry.o)
 *(.exceptions.exit.user)
 *(.exceptions.exit)
 .exceptions.exit
                0x00000000020000a8       0x54 ../Basic_DVS_App2_bsp/\libhal_bsp.a(alt_exception_entry.o)
 *(.exceptions)
 .exceptions    0x00000000020000fc       0xd0 ../Basic_DVS_App2_bsp/\libhal_bsp.a(alt_irq_handler.o)
                0x00000000020000fc                alt_irq_handler
 .exceptions    0x00000000020001cc       0x60 ../Basic_DVS_App2_bsp/\libhal_bsp.a(alt_instruction_exception_entry.o)
                0x00000000020001cc                alt_instruction_exception_entry
                0x000000000200022c                PROVIDE (__ram_exceptions_end, ABSOLUTE (.))
                0x0000000002000020                PROVIDE (__flash_exceptions_start, LOADADDR (.exceptions))

.text           0x000000000200022c    0x1a174
                0x000000000200022c                PROVIDE (stext, ABSOLUTE (.))
 *(.interp)
 *(.hash)
 *(.dynsym)
 *(.dynstr)
 *(.gnu.version)
 *(.gnu.version_d)
 *(.gnu.version_r)
 *(.rel.init)
 *(.rela.init)
 *(.rel.text .rel.text.* .rel.gnu.linkonce.t.*)
 *(.rela.text .rela.text.* .rela.gnu.linkonce.t.*)
 *(.rel.fini)
 *(.rela.fini)
 *(.rel.rodata .rel.rodata.* .rel.gnu.linkonce.r.*)
 *(.rela.rodata .rela.rodata.* .rela.gnu.linkonce.r.*)
 *(.rel.data .rel.data.* .rel.gnu.linkonce.d.*)
 *(.rela.data .rela.data.* .rela.gnu.linkonce.d.*)
 *(.rel.tdata .rel.tdata.* .rel.gnu.linkonce.td.*)
 *(.rela.tdata .rela.tdata.* .rela.gnu.linkonce.td.*)
 *(.rel.tbss .rel.tbss.* .rel.gnu.linkonce.tb.*)
 *(.rela.tbss .rela.tbss.* .rela.gnu.linkonce.tb.*)
 *(.rel.ctors)
 *(.rela.ctors)
 *(.rel.dtors)
 *(.rela.dtors)
 *(.rel.got)
 *(.rela.got)
 *(.rel.sdata .rel.sdata.* .rel.gnu.linkonce.s.*)
 *(.rela.sdata .rela.sdata.* .rela.gnu.linkonce.s.*)
 *(.rel.sbss .rel.sbss.* .rel.gnu.linkonce.sb.*)
 *(.rela.sbss .rela.sbss.* .rela.gnu.linkonce.sb.*)
 *(.rel.sdata2 .rel.sdata2.* .rel.gnu.linkonce.s2.*)
 *(.rela.sdata2 .rela.sdata2.* .rela.gnu.linkonce.s2.*)
 *(.rel.sbss2 .rel.sbss2.* .rel.gnu.linkonce.sb2.*)
 *(.rela.sbss2 .rela.sbss2.* .rela.gnu.linkonce.sb2.*)
 *(.rel.bss .rel.bss.* .rel.gnu.linkonce.b.*)
 *(.rela.bss .rela.bss.* .rela.gnu.linkonce.b.*)
 *(.rel.plt)
 *(.rela.plt)
 *(.rel.dyn)
 *(.init)
 *(.plt)
 *(.text .stub .text.* .gnu.linkonce.t.*)
 .text          0x000000000200022c       0x3c ../Basic_DVS_App2_bsp//obj/HAL/src/crt0.o
                0x000000000200022c                _start
 .text          0x0000000002000268      0xed4 obj/default/image.o
                0x0000000002000268                image_init_from_file
                0x0000000002000560                image_init
                0x0000000002000728                coeffs_init_from_file
                0x00000000020008b8                image_deinit
                0x0000000002000938                image_write_to_file
                0x0000000002000af0                image_add_block
                0x0000000002000ccc                copy_row
                0x0000000002000d74                copy_column
                0x0000000002000e1c                image_edge_repeat
                0x0000000002000f18                fir_filter
 .text          0x000000000200113c      0x2c0 obj/default/main.o
                0x000000000200113c                main
 .text          0x00000000020013fc       0x28 d:/program_files/altera/nios2eds/bin/gnu/h-x86_64-mingw32/bin/../lib/gcc/nios2-elf/4.9.1/mno-hw-mul\libgcc.a(lib2-mul.o)
                0x00000000020013fc                __mulsi3
 .text          0x0000000002001424       0x38 d:/program_files/altera/nios2eds/bin/gnu/h-x86_64-mingw32/bin/../lib/gcc/nios2-elf/4.9.1/../../../../../H-x86_64-mingw32/nios2-elf/lib/mno-hw-mul\libc.a(lib_a-exit.o)
                0x0000000002001424                exit
 .text          0x000000000200145c      0x114 d:/program_files/altera/nios2eds/bin/gnu/h-x86_64-mingw32/bin/../lib/gcc/nios2-elf/4.9.1/../../../../../H-x86_64-mingw32/nios2-elf/lib/mno-hw-mul\libc.a(lib_a-fclose.o)
                0x000000000200145c                _fclose_r
                0x000000000200155c                fclose
 .text          0x0000000002001570      0x258 d:/program_files/altera/nios2eds/bin/gnu/h-x86_64-mingw32/bin/../lib/gcc/nios2-elf/4.9.1/../../../../../H-x86_64-mingw32/nios2-elf/lib/mno-hw-mul\libc.a(lib_a-fflush.o)
                0x0000000002001570                _fflush_r
                0x0000000002001798                fflush
 .text          0x00000000020017c8      0x3b4 d:/program_files/altera/nios2eds/bin/gnu/h-x86_64-mingw32/bin/../lib/gcc/nios2-elf/4.9.1/../../../../../H-x86_64-mingw32/nios2-elf/lib/mno-hw-mul\libc.a(lib_a-findfp.o)
                0x00000000020017d8                _cleanup_r
                0x0000000002001984                __sfmoreglue
                0x00000000020019fc                __sfp
                0x0000000002001b14                _cleanup
                0x0000000002001b2c                __sinit
                0x0000000002001b3c                __sfp_lock_acquire
                0x0000000002001b40                __sfp_lock_release
                0x0000000002001b44                __sinit_lock_acquire
                0x0000000002001b48                __sinit_lock_release
                0x0000000002001b4c                __fp_lock_all
                0x0000000002001b64                __fp_unlock_all
 .text          0x0000000002001b7c      0x10c d:/program_files/altera/nios2eds/bin/gnu/h-x86_64-mingw32/bin/../lib/gcc/nios2-elf/4.9.1/../../../../../H-x86_64-mingw32/nios2-elf/lib/mno-hw-mul\libc.a(lib_a-fopen.o)
                0x0000000002001b7c                _fopen_r
                0x0000000002001c6c                fopen
 .text          0x0000000002001c88      0x290 d:/program_files/altera/nios2eds/bin/gnu/h-x86_64-mingw32/bin/../lib/gcc/nios2-elf/4.9.1/../../../../../H-x86_64-mingw32/nios2-elf/lib/mno-hw-mul\libc.a(lib_a-fread.o)
                0x0000000002001c88                _fread_r
                0x0000000002001ed8                fread
 .text          0x0000000002001f18      0x414 d:/program_files/altera/nios2eds/bin/gnu/h-x86_64-mingw32/bin/../lib/gcc/nios2-elf/4.9.1/../../../../../H-x86_64-mingw32/nios2-elf/lib/mno-hw-mul\libc.a(lib_a-freer.o)
                0x0000000002001f18                _malloc_trim_r
                0x000000000200203c                _free_r
 .text          0x000000000200232c      0x478 d:/program_files/altera/nios2eds/bin/gnu/h-x86_64-mingw32/bin/../lib/gcc/nios2-elf/4.9.1/../../../../../H-x86_64-mingw32/nios2-elf/lib/mno-hw-mul\libc.a(lib_a-fseek.o)
                0x000000000200232c                _fseek_r
                0x0000000002002780                fseek
 .text          0x00000000020027a4       0x58 d:/program_files/altera/nios2eds/bin/gnu/h-x86_64-mingw32/bin/../lib/gcc/nios2-elf/4.9.1/../../../../../H-x86_64-mingw32/nios2-elf/lib/mno-hw-mul\libc.a(lib_a-fstatr.o)
                0x00000000020027a4                _fstat_r
 .text          0x00000000020027fc      0x170 d:/program_files/altera/nios2eds/bin/gnu/h-x86_64-mingw32/bin/../lib/gcc/nios2-elf/4.9.1/../../../../../H-x86_64-mingw32/nios2-elf/lib/mno-hw-mul\libc.a(lib_a-fwalk.o)
                0x00000000020027fc                _fwalk
                0x00000000020028b4                _fwalk_reent
 .text          0x000000000200296c      0x11c d:/program_files/altera/nios2eds/bin/gnu/h-x86_64-mingw32/bin/../lib/gcc/nios2-elf/4.9.1/../../../../../H-x86_64-mingw32/nios2-elf/lib/mno-hw-mul\libc.a(lib_a-fwrite.o)
                0x000000000200296c                _fwrite_r
                0x0000000002002a48                fwrite
 .text          0x0000000002002a88        0x0 d:/program_files/altera/nios2eds/bin/gnu/h-x86_64-mingw32/bin/../lib/gcc/nios2-elf/4.9.1/../../../../../H-x86_64-mingw32/nios2-elf/lib/mno-hw-mul\libc.a(lib_a-impure.o)
 .text          0x0000000002002a88        0x0 d:/program_files/altera/nios2eds/bin/gnu/h-x86_64-mingw32/bin/../lib/gcc/nios2-elf/4.9.1/../../../../../H-x86_64-mingw32/nios2-elf/lib/mno-hw-mul\libc.a(lib_a-int_errno.o)
 .text          0x0000000002002a88      0x1b8 d:/program_files/altera/nios2eds/bin/gnu/h-x86_64-mingw32/bin/../lib/gcc/nios2-elf/4.9.1/../../../../../H-x86_64-mingw32/nios2-elf/lib/mno-hw-mul\libc.a(lib_a-makebuf.o)
                0x0000000002002a88                __smakebuf_r
 .text          0x0000000002002c40       0x28 d:/program_files/altera/nios2eds/bin/gnu/h-x86_64-mingw32/bin/../lib/gcc/nios2-elf/4.9.1/../../../../../H-x86_64-mingw32/nios2-elf/lib/mno-hw-mul\libc.a(lib_a-malloc.o)
                0x0000000002002c40                malloc
                0x0000000002002c54                free
 .text          0x0000000002002c68      0x7a8 d:/program_files/altera/nios2eds/bin/gnu/h-x86_64-mingw32/bin/../lib/gcc/nios2-elf/4.9.1/../../../../../H-x86_64-mingw32/nios2-elf/lib/mno-hw-mul\libc.a(lib_a-mallocr.o)
                0x0000000002002c68                _malloc_r
 .text          0x0000000002003410      0x138 d:/program_files/altera/nios2eds/bin/gnu/h-x86_64-mingw32/bin/../lib/gcc/nios2-elf/4.9.1/../../../../../H-x86_64-mingw32/nios2-elf/lib/mno-hw-mul\libc.a(lib_a-memcpy.o)
                0x0000000002003410                memcpy
 .text          0x0000000002003548      0x124 d:/program_files/altera/nios2eds/bin/gnu/h-x86_64-mingw32/bin/../lib/gcc/nios2-elf/4.9.1/../../../../../H-x86_64-mingw32/nios2-elf/lib/mno-hw-mul\libc.a(lib_a-memset.o)
                0x0000000002003548                memset
 .text          0x000000000200366c       0x5c d:/program_files/altera/nios2eds/bin/gnu/h-x86_64-mingw32/bin/../lib/gcc/nios2-elf/4.9.1/../../../../../H-x86_64-mingw32/nios2-elf/lib/mno-hw-mul\libc.a(lib_a-openr.o)
                0x000000000200366c                _open_r
 .text          0x00000000020036c8       0x68 d:/program_files/altera/nios2eds/bin/gnu/h-x86_64-mingw32/bin/../lib/gcc/nios2-elf/4.9.1/../../../../../H-x86_64-mingw32/nios2-elf/lib/mno-hw-mul\libc.a(lib_a-printf.o)
                0x00000000020036c8                _printf_r
                0x00000000020036f4                printf
 .text          0x0000000002003730       0xcc d:/program_files/altera/nios2eds/bin/gnu/h-x86_64-mingw32/bin/../lib/gcc/nios2-elf/4.9.1/../../../../../H-x86_64-mingw32/nios2-elf/lib/mno-hw-mul\libc.a(lib_a-puts.o)
                0x0000000002003730                _puts_r
                0x00000000020037e8                puts
 .text          0x00000000020037fc      0x1c4 d:/program_files/altera/nios2eds/bin/gnu/h-x86_64-mingw32/bin/../lib/gcc/nios2-elf/4.9.1/../../../../../H-x86_64-mingw32/nios2-elf/lib/mno-hw-mul\libc.a(lib_a-refill.o)
                0x0000000002003818                __srefill_r
 .text          0x00000000020039c0       0x54 d:/program_files/altera/nios2eds/bin/gnu/h-x86_64-mingw32/bin/../lib/gcc/nios2-elf/4.9.1/../../../../../H-x86_64-mingw32/nios2-elf/lib/mno-hw-mul\libc.a(lib_a-sbrkr.o)
                0x00000000020039c0                _sbrk_r
 .text          0x0000000002003a14       0x68 d:/program_files/altera/nios2eds/bin/gnu/h-x86_64-mingw32/bin/../lib/gcc/nios2-elf/4.9.1/../../../../../H-x86_64-mingw32/nios2-elf/lib/mno-hw-mul\libc.a(lib_a-scanf.o)
                0x0000000002003a14                scanf
                0x0000000002003a50                _scanf_r
 .text          0x0000000002003a7c      0x13c d:/program_files/altera/nios2eds/bin/gnu/h-x86_64-mingw32/bin/../lib/gcc/nios2-elf/4.9.1/../../../../../H-x86_64-mingw32/nios2-elf/lib/mno-hw-mul\libc.a(lib_a-stdio.o)
                0x0000000002003a7c                __sread
                0x0000000002003ad0                __seofread
                0x0000000002003ad8                __swrite
                0x0000000002003b54                __sseek
                0x0000000002003bb0                __sclose
 .text          0x0000000002003bb8       0x88 d:/program_files/altera/nios2eds/bin/gnu/h-x86_64-mingw32/bin/../lib/gcc/nios2-elf/4.9.1/../../../../../H-x86_64-mingw32/nios2-elf/lib/mno-hw-mul\libc.a(lib_a-strcat.o)
                0x0000000002003bb8                strcat
 .text          0x0000000002003c40       0x90 d:/program_files/altera/nios2eds/bin/gnu/h-x86_64-mingw32/bin/../lib/gcc/nios2-elf/4.9.1/../../../../../H-x86_64-mingw32/nios2-elf/lib/mno-hw-mul\libc.a(lib_a-strcpy.o)
                0x0000000002003c40                strcpy
 .text          0x0000000002003cd0       0x98 d:/program_files/altera/nios2eds/bin/gnu/h-x86_64-mingw32/bin/../lib/gcc/nios2-elf/4.9.1/../../../../../H-x86_64-mingw32/nios2-elf/lib/mno-hw-mul\libc.a(lib_a-strlen.o)
                0x0000000002003cd0                strlen
 .text          0x0000000002003d68     0x2120 d:/program_files/altera/nios2eds/bin/gnu/h-x86_64-mingw32/bin/../lib/gcc/nios2-elf/4.9.1/../../../../../H-x86_64-mingw32/nios2-elf/lib/mno-hw-mul\libc.a(lib_a-vfprintf.o)
                0x0000000002003d68                ___vfprintf_internal_r
                0x0000000002005e64                __vfprintf_internal
 .text          0x0000000002005e88     0x182c d:/program_files/altera/nios2eds/bin/gnu/h-x86_64-mingw32/bin/../lib/gcc/nios2-elf/4.9.1/../../../../../H-x86_64-mingw32/nios2-elf/lib/mno-hw-mul\libc.a(lib_a-vfscanf.o)
                0x0000000002005e88                __svfscanf_r
                0x00000000020075dc                vfscanf
                0x0000000002007644                __svfscanf
                0x0000000002007668                _vfscanf_r
 .text          0x00000000020076b4       0x5c d:/program_files/altera/nios2eds/bin/gnu/h-x86_64-mingw32/bin/../lib/gcc/nios2-elf/4.9.1/../../../../../H-x86_64-mingw32/nios2-elf/lib/mno-hw-mul\libc.a(lib_a-writer.o)
                0x00000000020076b4                _write_r
 .text          0x0000000002007710      0x130 d:/program_files/altera/nios2eds/bin/gnu/h-x86_64-mingw32/bin/../lib/gcc/nios2-elf/4.9.1/../../../../../H-x86_64-mingw32/nios2-elf/lib/mno-hw-mul\libc.a(lib_a-wsetup.o)
                0x0000000002007710                __swsetup_r
 .text          0x0000000002007840       0x54 d:/program_files/altera/nios2eds/bin/gnu/h-x86_64-mingw32/bin/../lib/gcc/nios2-elf/4.9.1/../../../../../H-x86_64-mingw32/nios2-elf/lib/mno-hw-mul\libc.a(closer.o)
                0x0000000002007840                _close_r
 .text          0x0000000002007894      0x194 d:/program_files/altera/nios2eds/bin/gnu/h-x86_64-mingw32/bin/../lib/gcc/nios2-elf/4.9.1/../../../../../H-x86_64-mingw32/nios2-elf/lib/mno-hw-mul\libc.a(lib_a-__call_atexit.o)
                0x0000000002007894                __call_exitprocs
 .text          0x0000000002007a28        0x0 d:/program_files/altera/nios2eds/bin/gnu/h-x86_64-mingw32/bin/../lib/gcc/nios2-elf/4.9.1/../../../../../H-x86_64-mingw32/nios2-elf/lib/mno-hw-mul\libc.a(lib_a-ctype_.o)
 .text          0x0000000002007a28     0x1950 d:/program_files/altera/nios2eds/bin/gnu/h-x86_64-mingw32/bin/../lib/gcc/nios2-elf/4.9.1/../../../../../H-x86_64-mingw32/nios2-elf/lib/mno-hw-mul\libc.a(lib_a-dtoa.o)
                0x0000000002007c50                _dtoa_r
 .text          0x0000000002009378       0x98 d:/program_files/altera/nios2eds/bin/gnu/h-x86_64-mingw32/bin/../lib/gcc/nios2-elf/4.9.1/../../../../../H-x86_64-mingw32/nios2-elf/lib/mno-hw-mul\libc.a(lib_a-flags.o)
                0x0000000002009378                __sflags
 .text          0x0000000002009410      0x4a4 d:/program_files/altera/nios2eds/bin/gnu/h-x86_64-mingw32/bin/../lib/gcc/nios2-elf/4.9.1/../../../../../H-x86_64-mingw32/nios2-elf/lib/mno-hw-mul\libc.a(lib_a-fvwrite.o)
                0x0000000002009410                __sfvwrite_r
 .text          0x00000000020098b4       0x54 d:/program_files/altera/nios2eds/bin/gnu/h-x86_64-mingw32/bin/../lib/gcc/nios2-elf/4.9.1/../../../../../H-x86_64-mingw32/nios2-elf/lib/mno-hw-mul\libc.a(lib_a-isattyr.o)
                0x00000000020098b4                _isatty_r
 .text          0x0000000002009908       0x30 d:/program_files/altera/nios2eds/bin/gnu/h-x86_64-mingw32/bin/../lib/gcc/nios2-elf/4.9.1/../../../../../H-x86_64-mingw32/nios2-elf/lib/mno-hw-mul\libc.a(lib_a-iswspace.o)
                0x0000000002009908                iswspace
 .text          0x0000000002009938       0xe0 d:/program_files/altera/nios2eds/bin/gnu/h-x86_64-mingw32/bin/../lib/gcc/nios2-elf/4.9.1/../../../../../H-x86_64-mingw32/nios2-elf/lib/mno-hw-mul\libc.a(lib_a-locale.o)
                0x0000000002009938                _setlocale_r
                0x00000000020099b4                __locale_charset
                0x00000000020099c0                __locale_mb_cur_max
                0x00000000020099d0                __locale_msgcharset
                0x00000000020099dc                __locale_cjk_lang
                0x00000000020099e4                _localeconv_r
                0x00000000020099f0                setlocale
                0x0000000002009a0c                localeconv
 .text          0x0000000002009a18       0x5c d:/program_files/altera/nios2eds/bin/gnu/h-x86_64-mingw32/bin/../lib/gcc/nios2-elf/4.9.1/../../../../../H-x86_64-mingw32/nios2-elf/lib/mno-hw-mul\libc.a(lib_a-lseekr.o)
                0x0000000002009a18                _lseek_r
 .text          0x0000000002009a74      0x19c d:/program_files/altera/nios2eds/bin/gnu/h-x86_64-mingw32/bin/../lib/gcc/nios2-elf/4.9.1/../../../../../H-x86_64-mingw32/nios2-elf/lib/mno-hw-mul\libc.a(lib_a-mbrtowc.o)
                0x0000000002009a74                _mbrtowc_r
                0x0000000002009b20                mbrtowc
 .text          0x0000000002009c10       0xa0 d:/program_files/altera/nios2eds/bin/gnu/h-x86_64-mingw32/bin/../lib/gcc/nios2-elf/4.9.1/../../../../../H-x86_64-mingw32/nios2-elf/lib/mno-hw-mul\libc.a(lib_a-mbtowc_r.o)
                0x0000000002009c10                __ascii_mbtowc
                0x0000000002009c54                _mbtowc_r
 .text          0x0000000002009cb0       0xe8 d:/program_files/altera/nios2eds/bin/gnu/h-x86_64-mingw32/bin/../lib/gcc/nios2-elf/4.9.1/../../../../../H-x86_64-mingw32/nios2-elf/lib/mno-hw-mul\libc.a(lib_a-memchr.o)
                0x0000000002009cb0                memchr
 .text          0x0000000002009d98      0x15c d:/program_files/altera/nios2eds/bin/gnu/h-x86_64-mingw32/bin/../lib/gcc/nios2-elf/4.9.1/../../../../../H-x86_64-mingw32/nios2-elf/lib/mno-hw-mul\libc.a(lib_a-memmove.o)
                0x0000000002009d98                memmove
 .text          0x0000000002009ef4     0x1048 d:/program_files/altera/nios2eds/bin/gnu/h-x86_64-mingw32/bin/../lib/gcc/nios2-elf/4.9.1/../../../../../H-x86_64-mingw32/nios2-elf/lib/mno-hw-mul\libc.a(lib_a-mprec.o)
                0x0000000002009ef4                _Balloc
                0x0000000002009f9c                _Bfree
                0x0000000002009fc4                __multadd
                0x000000000200a100                __s2b
                0x000000000200a204                __hi0bits
                0x000000000200a26c                __lo0bits
                0x000000000200a31c                __i2b
                0x000000000200a358                __multiply
                0x000000000200a5e8                __pow5mult
                0x000000000200a728                __lshift
                0x000000000200a870                __mcmp
                0x000000000200a8d0                __mdiff
                0x000000000200aa68                __ulp
                0x000000000200aac8                __b2d
                0x000000000200abe4                __d2b
                0x000000000200ad20                __ratio
                0x000000000200adc4                _mprec_log10
                0x000000000200ae38                __copybits
                0x000000000200aeb0                __any_on
 .text          0x000000000200af3c       0x5c d:/program_files/altera/nios2eds/bin/gnu/h-x86_64-mingw32/bin/../lib/gcc/nios2-elf/4.9.1/../../../../../H-x86_64-mingw32/nios2-elf/lib/mno-hw-mul\libc.a(lib_a-readr.o)
                0x000000000200af3c                _read_r
 .text          0x000000000200af98      0x5a0 d:/program_files/altera/nios2eds/bin/gnu/h-x86_64-mingw32/bin/../lib/gcc/nios2-elf/4.9.1/../../../../../H-x86_64-mingw32/nios2-elf/lib/mno-hw-mul\libc.a(lib_a-reallocr.o)
                0x000000000200af98                _realloc_r
 .text          0x000000000200b538       0x74 d:/program_files/altera/nios2eds/bin/gnu/h-x86_64-mingw32/bin/../lib/gcc/nios2-elf/4.9.1/../../../../../H-x86_64-mingw32/nios2-elf/lib/mno-hw-mul\libc.a(lib_a-s_fpclassify.o)
                0x000000000200b538                __fpclassifyd
 .text          0x000000000200b5ac       0xc0 d:/program_files/altera/nios2eds/bin/gnu/h-x86_64-mingw32/bin/../lib/gcc/nios2-elf/4.9.1/../../../../../H-x86_64-mingw32/nios2-elf/lib/mno-hw-mul\libc.a(lib_a-sccl.o)
                0x000000000200b5ac                __sccl
 .text          0x000000000200b66c        0x8 d:/program_files/altera/nios2eds/bin/gnu/h-x86_64-mingw32/bin/../lib/gcc/nios2-elf/4.9.1/../../../../../H-x86_64-mingw32/nios2-elf/lib/mno-hw-mul\libc.a(lib_a-sf_nan.o)
                0x000000000200b66c                nanf
 .text          0x000000000200b674       0xc4 d:/program_files/altera/nios2eds/bin/gnu/h-x86_64-mingw32/bin/../lib/gcc/nios2-elf/4.9.1/../../../../../H-x86_64-mingw32/nios2-elf/lib/mno-hw-mul\libc.a(lib_a-sprintf.o)
                0x000000000200b674                _sprintf_r
                0x000000000200b6cc                sprintf
 .text          0x000000000200b738       0xa4 d:/program_files/altera/nios2eds/bin/gnu/h-x86_64-mingw32/bin/../lib/gcc/nios2-elf/4.9.1/../../../../../H-x86_64-mingw32/nios2-elf/lib/mno-hw-mul\libc.a(lib_a-strcmp.o)
                0x000000000200b738                strcmp
 .text          0x000000000200b7dc     0x1728 d:/program_files/altera/nios2eds/bin/gnu/h-x86_64-mingw32/bin/../lib/gcc/nios2-elf/4.9.1/../../../../../H-x86_64-mingw32/nios2-elf/lib/mno-hw-mul\libc.a(lib_a-strtod.o)
                0x000000000200b7dc                _strtod_r
                0x000000000200cde4                strtod
                0x000000000200ce00                strtof
 .text          0x000000000200cf04      0x28c d:/program_files/altera/nios2eds/bin/gnu/h-x86_64-mingw32/bin/../lib/gcc/nios2-elf/4.9.1/../../../../../H-x86_64-mingw32/nios2-elf/lib/mno-hw-mul\libc.a(lib_a-strtol.o)
                0x000000000200cf04                _strtol_r
                0x000000000200d16c                strtol
 .text          0x000000000200d190      0x314 d:/program_files/altera/nios2eds/bin/gnu/h-x86_64-mingw32/bin/../lib/gcc/nios2-elf/4.9.1/../../../../../H-x86_64-mingw32/nios2-elf/lib/mno-hw-mul\libc.a(lib_a-strtoll_r.o)
                0x000000000200d190                _strtoll_r
 .text          0x000000000200d4a4      0x2d0 d:/program_files/altera/nios2eds/bin/gnu/h-x86_64-mingw32/bin/../lib/gcc/nios2-elf/4.9.1/../../../../../H-x86_64-mingw32/nios2-elf/lib/mno-hw-mul\libc.a(lib_a-strtoul.o)
                0x000000000200d4a4                _strtoul_r
                0x000000000200d750                strtoul
 .text          0x000000000200d774      0x354 d:/program_files/altera/nios2eds/bin/gnu/h-x86_64-mingw32/bin/../lib/gcc/nios2-elf/4.9.1/../../../../../H-x86_64-mingw32/nios2-elf/lib/mno-hw-mul\libc.a(lib_a-strtoull_r.o)
                0x000000000200d774                _strtoull_r
 .text          0x000000000200dac8     0x2070 d:/program_files/altera/nios2eds/bin/gnu/h-x86_64-mingw32/bin/../lib/gcc/nios2-elf/4.9.1/../../../../../H-x86_64-mingw32/nios2-elf/lib/mno-hw-mul\libc.a(lib_a-svfprintf.o)
                0x000000000200dac8                ___svfprintf_internal_r
 .text          0x000000000200fb38      0x278 d:/program_files/altera/nios2eds/bin/gnu/h-x86_64-mingw32/bin/../lib/gcc/nios2-elf/4.9.1/../../../../../H-x86_64-mingw32/nios2-elf/lib/mno-hw-mul\libc.a(lib_a-ungetc.o)
                0x000000000200fb38                __submore
                0x000000000200fc0c                _ungetc_r
                0x000000000200fd94                ungetc
 .text          0x000000000200fdb0     0x155c d:/program_files/altera/nios2eds/bin/gnu/h-x86_64-mingw32/bin/../lib/gcc/nios2-elf/4.9.1/../../../../../H-x86_64-mingw32/nios2-elf/lib/mno-hw-mul\libc.a(lib_a-vfiprintf.o)
                0x000000000200feac                __sprint_r
                0x000000000200fec4                ___vfiprintf_internal_r
                0x00000000020112e8                __vfiprintf_internal
 .text          0x000000000201130c       0xd8 d:/program_files/altera/nios2eds/bin/gnu/h-x86_64-mingw32/bin/../lib/gcc/nios2-elf/4.9.1/../../../../../H-x86_64-mingw32/nios2-elf/lib/mno-hw-mul\libc.a(lib_a-callocr.o)
                0x000000000201130c                _calloc_r
 .text          0x00000000020113e4      0x1dc d:/program_files/altera/nios2eds/bin/gnu/h-x86_64-mingw32/bin/../lib/gcc/nios2-elf/4.9.1/../../../../../H-x86_64-mingw32/nios2-elf/lib/mno-hw-mul\libc.a(lib_a-fputwc.o)
                0x00000000020113e4                _fputwc_r
                0x0000000002011568                fputwc
 .text          0x00000000020115c0      0x9dc d:/program_files/altera/nios2eds/bin/gnu/h-x86_64-mingw32/bin/../lib/gcc/nios2-elf/4.9.1/../../../../../H-x86_64-mingw32/nios2-elf/lib/mno-hw-mul\libc.a(lib_a-gdtoa-gethex.o)
                0x00000000020116c0                __hexdig_init
                0x0000000002011744                __gethex
 .text          0x0000000002011f9c      0x294 d:/program_files/altera/nios2eds/bin/gnu/h-x86_64-mingw32/bin/../lib/gcc/nios2-elf/4.9.1/../../../../../H-x86_64-mingw32/nios2-elf/lib/mno-hw-mul\libc.a(lib_a-gdtoa-hexnan.o)
                0x0000000002011f9c                __hexnan
 .text          0x0000000002012230       0xc0 d:/program_files/altera/nios2eds/bin/gnu/h-x86_64-mingw32/bin/../lib/gcc/nios2-elf/4.9.1/../../../../../H-x86_64-mingw32/nios2-elf/lib/mno-hw-mul\libc.a(lib_a-strncmp.o)
                0x0000000002012230                strncmp
 .text          0x00000000020122f0     0x1398 d:/program_files/altera/nios2eds/bin/gnu/h-x86_64-mingw32/bin/../lib/gcc/nios2-elf/4.9.1/../../../../../H-x86_64-mingw32/nios2-elf/lib/mno-hw-mul\libc.a(lib_a-svfiprintf.o)
                0x00000000020122f0                __ssprint_r
                0x00000000020124b8                ___svfiprintf_internal_r
 .text          0x0000000002013688      0x170 d:/program_files/altera/nios2eds/bin/gnu/h-x86_64-mingw32/bin/../lib/gcc/nios2-elf/4.9.1/../../../../../H-x86_64-mingw32/nios2-elf/lib/mno-hw-mul\libc.a(lib_a-wbuf.o)
                0x0000000002013688                __swbuf_r
                0x00000000020137dc                __swbuf
 .text          0x00000000020137f8      0x174 d:/program_files/altera/nios2eds/bin/gnu/h-x86_64-mingw32/bin/../lib/gcc/nios2-elf/4.9.1/../../../../../H-x86_64-mingw32/nios2-elf/lib/mno-hw-mul\libc.a(lib_a-wcrtomb.o)
                0x00000000020137f8                _wcrtomb_r
                0x0000000002013894                wcrtomb
 .text          0x000000000201396c       0x8c d:/program_files/altera/nios2eds/bin/gnu/h-x86_64-mingw32/bin/../lib/gcc/nios2-elf/4.9.1/../../../../../H-x86_64-mingw32/nios2-elf/lib/mno-hw-mul\libc.a(lib_a-wctomb_r.o)
                0x000000000201396c                __ascii_wctomb
                0x000000000201399c                _wctomb_r
 .text          0x00000000020139f8      0x10c d:/program_files/altera/nios2eds/bin/gnu/h-x86_64-mingw32/bin/../lib/gcc/nios2-elf/4.9.1/mno-hw-mul\libgcc.a(_muldi3.o)
                0x00000000020139f8                __muldi3
 .text          0x0000000002013b04       0x74 d:/program_files/altera/nios2eds/bin/gnu/h-x86_64-mingw32/bin/../lib/gcc/nios2-elf/4.9.1/mno-hw-mul\libgcc.a(_fixunsdfsi.o)
                0x0000000002013b04                __fixunsdfsi
 .text          0x0000000002013b78      0x640 d:/program_files/altera/nios2eds/bin/gnu/h-x86_64-mingw32/bin/../lib/gcc/nios2-elf/4.9.1/mno-hw-mul\libgcc.a(_udivdi3.o)
                0x0000000002013b78                __udivdi3
 .text          0x00000000020141b8      0x61c d:/program_files/altera/nios2eds/bin/gnu/h-x86_64-mingw32/bin/../lib/gcc/nios2-elf/4.9.1/mno-hw-mul\libgcc.a(_umoddi3.o)
                0x00000000020141b8                __umoddi3
 .text          0x00000000020147d4      0x12c d:/program_files/altera/nios2eds/bin/gnu/h-x86_64-mingw32/bin/../lib/gcc/nios2-elf/4.9.1/mno-hw-mul\libgcc.a(lib2-divmod.o)
                0x0000000002014840                __divsi3
                0x0000000002014894                __modsi3
                0x00000000020148f0                __udivsi3
                0x00000000020148f8                __umodsi3
 .text          0x0000000002014900       0x74 d:/program_files/altera/nios2eds/bin/gnu/h-x86_64-mingw32/bin/../lib/gcc/nios2-elf/4.9.1/mno-hw-mul\libgcc.a(eqsf2.o)
                0x0000000002014900                __eqsf2
                0x0000000002014900                __nesf2
 .text          0x0000000002014974       0xb8 d:/program_files/altera/nios2eds/bin/gnu/h-x86_64-mingw32/bin/../lib/gcc/nios2-elf/4.9.1/mno-hw-mul\libgcc.a(gesf2.o)
                0x0000000002014974                __gesf2
                0x0000000002014974                __gtsf2
 .text          0x0000000002014a2c       0xb8 d:/program_files/altera/nios2eds/bin/gnu/h-x86_64-mingw32/bin/../lib/gcc/nios2-elf/4.9.1/mno-hw-mul\libgcc.a(lesf2.o)
                0x0000000002014a2c                __ltsf2
                0x0000000002014a2c                __lesf2
 .text          0x0000000002014ae4      0x89c d:/program_files/altera/nios2eds/bin/gnu/h-x86_64-mingw32/bin/../lib/gcc/nios2-elf/4.9.1/mno-hw-mul\libgcc.a(adddf3.o)
                0x0000000002014ae4                __adddf3
 .text          0x0000000002015380      0x980 d:/program_files/altera/nios2eds/bin/gnu/h-x86_64-mingw32/bin/../lib/gcc/nios2-elf/4.9.1/mno-hw-mul\libgcc.a(divdf3.o)
                0x0000000002015380                __divdf3
 .text          0x0000000002015d00       0x84 d:/program_files/altera/nios2eds/bin/gnu/h-x86_64-mingw32/bin/../lib/gcc/nios2-elf/4.9.1/mno-hw-mul\libgcc.a(eqdf2.o)
                0x0000000002015d00                __nedf2
                0x0000000002015d00                __eqdf2
 .text          0x0000000002015d84       0xe0 d:/program_files/altera/nios2eds/bin/gnu/h-x86_64-mingw32/bin/../lib/gcc/nios2-elf/4.9.1/mno-hw-mul\libgcc.a(gedf2.o)
                0x0000000002015d84                __gedf2
                0x0000000002015d84                __gtdf2
 .text          0x0000000002015e64       0xe0 d:/program_files/altera/nios2eds/bin/gnu/h-x86_64-mingw32/bin/../lib/gcc/nios2-elf/4.9.1/mno-hw-mul\libgcc.a(ledf2.o)
                0x0000000002015e64                __ledf2
                0x0000000002015e64                __ltdf2
 .text          0x0000000002015f44      0x86c d:/program_files/altera/nios2eds/bin/gnu/h-x86_64-mingw32/bin/../lib/gcc/nios2-elf/4.9.1/mno-hw-mul\libgcc.a(muldf3.o)
                0x0000000002015f44                __muldf3
 .text          0x00000000020167b0      0x8d0 d:/program_files/altera/nios2eds/bin/gnu/h-x86_64-mingw32/bin/../lib/gcc/nios2-elf/4.9.1/mno-hw-mul\libgcc.a(subdf3.o)
                0x00000000020167b0                __subdf3
 .text          0x0000000002017080       0x88 d:/program_files/altera/nios2eds/bin/gnu/h-x86_64-mingw32/bin/../lib/gcc/nios2-elf/4.9.1/mno-hw-mul\libgcc.a(fixdfsi.o)
                0x0000000002017080                __fixdfsi
 .text          0x0000000002017108       0xd0 d:/program_files/altera/nios2eds/bin/gnu/h-x86_64-mingw32/bin/../lib/gcc/nios2-elf/4.9.1/mno-hw-mul\libgcc.a(floatsidf.o)
                0x0000000002017108                __floatsidf
 .text          0x00000000020171d8       0xa4 d:/program_files/altera/nios2eds/bin/gnu/h-x86_64-mingw32/bin/../lib/gcc/nios2-elf/4.9.1/mno-hw-mul\libgcc.a(floatunsidf.o)
                0x00000000020171d8                __floatunsidf
 .text          0x000000000201727c      0x198 d:/program_files/altera/nios2eds/bin/gnu/h-x86_64-mingw32/bin/../lib/gcc/nios2-elf/4.9.1/mno-hw-mul\libgcc.a(truncdfsf2.o)
                0x000000000201727c                __truncdfsf2
 .text          0x0000000002017414        0x0 d:/program_files/altera/nios2eds/bin/gnu/h-x86_64-mingw32/bin/../lib/gcc/nios2-elf/4.9.1/mno-hw-mul\libgcc.a(_clz.o)
 .text          0x0000000002017414       0x64 d:/program_files/altera/nios2eds/bin/gnu/h-x86_64-mingw32/bin/../lib/gcc/nios2-elf/4.9.1/mno-hw-mul\libgcc.a(_clzsi2.o)
                0x0000000002017414                __clzsi2
 .text          0x0000000002017478      0x128 ../Basic_DVS_App2_bsp/\libhal_bsp.a(alt_close.o)
                0x00000000020174c8                close
 .text          0x00000000020175a0       0x2c ../Basic_DVS_App2_bsp/\libhal_bsp.a(alt_dev.o)
 .text          0x00000000020175cc        0x0 ../Basic_DVS_App2_bsp/\libhal_bsp.a(alt_errno.o)
 .text          0x00000000020175cc       0x34 ../Basic_DVS_App2_bsp/\libhal_bsp.a(alt_exit.o)
                0x00000000020175cc                _exit
 .text          0x0000000002017600      0x108 ../Basic_DVS_App2_bsp/\libhal_bsp.a(alt_fstat.o)
                0x0000000002017650                fstat
 .text          0x0000000002017708       0xfc ../Basic_DVS_App2_bsp/\libhal_bsp.a(alt_isatty.o)
                0x0000000002017758                isatty
 .text          0x0000000002017804       0xe4 ../Basic_DVS_App2_bsp/\libhal_bsp.a(alt_load.o)
                0x0000000002017868                alt_load
 .text          0x00000000020178e8      0x12c ../Basic_DVS_App2_bsp/\libhal_bsp.a(alt_lseek.o)
                0x0000000002017938                lseek
 .text          0x0000000002017a14       0x78 ../Basic_DVS_App2_bsp/\libhal_bsp.a(alt_main.o)
                0x0000000002017a14                alt_main
 .text          0x0000000002017a8c       0x40 ../Basic_DVS_App2_bsp/\libhal_bsp.a(alt_malloc_lock.o)
                0x0000000002017a8c                __malloc_lock
                0x0000000002017aac                __malloc_unlock
 .text          0x0000000002017acc      0x2a4 ../Basic_DVS_App2_bsp/\libhal_bsp.a(alt_open.o)
                0x0000000002017c10                open
 .text          0x0000000002017d70      0x154 ../Basic_DVS_App2_bsp/\libhal_bsp.a(alt_read.o)
                0x0000000002017dc0                read
 .text          0x0000000002017ec4       0x80 ../Basic_DVS_App2_bsp/\libhal_bsp.a(alt_release_fd.o)
                0x0000000002017ec4                alt_release_fd
 .text          0x0000000002017f44       0xb0 ../Basic_DVS_App2_bsp/\libhal_bsp.a(alt_sbrk.o)
                0x0000000002017f44                sbrk
 .text          0x0000000002017ff4      0x150 ../Basic_DVS_App2_bsp/\libhal_bsp.a(alt_write.o)
                0x0000000002018044                write
 .text          0x0000000002018144       0xcc ../Basic_DVS_App2_bsp/\libhal_bsp.a(alt_sys_init.o)
                0x000000000201817c                alt_irq_init
                0x00000000020181b0                alt_sys_init
 .text          0x0000000002018210      0x164 ../Basic_DVS_App2_bsp/\libhal_bsp.a(altera_avalon_jtag_uart_fd.o)
                0x0000000002018210                altera_avalon_jtag_uart_read_fd
                0x0000000002018270                altera_avalon_jtag_uart_write_fd
                0x00000000020182d0                altera_avalon_jtag_uart_close_fd
                0x0000000002018320                altera_avalon_jtag_uart_ioctl_fd
 .text          0x0000000002018374      0x3d8 ../Basic_DVS_App2_bsp/\libhal_bsp.a(altera_avalon_jtag_uart_init.o)
                0x0000000002018374                altera_avalon_jtag_uart_init
                0x00000000020186e4                altera_avalon_jtag_uart_close
 .text          0x000000000201874c       0xec ../Basic_DVS_App2_bsp/\libhal_bsp.a(altera_avalon_jtag_uart_ioctl.o)
                0x000000000201874c                altera_avalon_jtag_uart_ioctl
 .text          0x0000000002018838      0x20c ../Basic_DVS_App2_bsp/\libhal_bsp.a(altera_avalon_jtag_uart_read.o)
                0x0000000002018838                altera_avalon_jtag_uart_read
 .text          0x0000000002018a44      0x218 ../Basic_DVS_App2_bsp/\libhal_bsp.a(altera_avalon_jtag_uart_write.o)
                0x0000000002018a44                altera_avalon_jtag_uart_write
 .text          0x0000000002018c5c      0x18c ../Basic_DVS_App2_bsp/\libhal_bsp.a(altera_avalon_performance_counter.o)
                0x0000000002018c5c                perf_get_section_time
                0x0000000002018d18                perf_get_total_time
                0x0000000002018d64                perf_get_num_starts
                0x0000000002018da4                alt_get_performance_counter_base
                0x0000000002018dc4                alt_get_cpu_freq
 .text          0x0000000002018de8      0x484 ../Basic_DVS_App2_bsp/\libhal_bsp.a(altera_hostfs.o)
                0x0000000002018de8                alt_hostfs_open
                0x0000000002018f04                alt_hostfs_close
                0x0000000002018f48                alt_hostfs_read
                0x0000000002018fb4                alt_hostfs_write
                0x0000000002019020                alt_hostfs_seek
                0x0000000002019088                alt_hostfs_fstat
 .text          0x000000000201926c      0x280 ../Basic_DVS_App2_bsp/\libhal_bsp.a(perf_print_formatted_report.o)
                0x000000000201926c                perf_print_formatted_report
 .text          0x00000000020194ec      0x140 ../Basic_DVS_App2_bsp/\libhal_bsp.a(alt_alarm_start.o)
                0x00000000020194ec                alt_alarm_start
 .text          0x000000000201962c       0x1c ../Basic_DVS_App2_bsp/\libhal_bsp.a(alt_dcache_flush_all.o)
                0x000000000201962c                alt_dcache_flush_all
 .text          0x0000000002019648       0xf4 ../Basic_DVS_App2_bsp/\libhal_bsp.a(alt_dev_llist_insert.o)
                0x0000000002019698                alt_dev_llist_insert
 .text          0x000000000201973c       0x5c ../Basic_DVS_App2_bsp/\libhal_bsp.a(alt_do_ctors.o)
                0x000000000201973c                _do_ctors
 .text          0x0000000002019798       0x5c ../Basic_DVS_App2_bsp/\libhal_bsp.a(alt_do_dtors.o)
                0x0000000002019798                _do_dtors
 .text          0x00000000020197f4       0x90 ../Basic_DVS_App2_bsp/\libhal_bsp.a(alt_find_dev.o)
                0x00000000020197f4                alt_find_dev
 .text          0x0000000002019884      0x114 ../Basic_DVS_App2_bsp/\libhal_bsp.a(alt_find_file.o)
                0x0000000002019884                alt_find_file
 .text          0x0000000002019998       0x84 ../Basic_DVS_App2_bsp/\libhal_bsp.a(alt_fs_reg.o)
                0x0000000002019998                alt_fs_reg
 .text          0x0000000002019a1c       0xd4 ../Basic_DVS_App2_bsp/\libhal_bsp.a(alt_get_fd.o)
                0x0000000002019a1c                alt_get_fd
 .text          0x0000000002019af0       0x1c ../Basic_DVS_App2_bsp/\libhal_bsp.a(alt_icache_flush_all.o)
                0x0000000002019af0                alt_icache_flush_all
 .text          0x0000000002019b0c      0x1e0 ../Basic_DVS_App2_bsp/\libhal_bsp.a(alt_iic.o)
                0x0000000002019b0c                alt_ic_isr_register
                0x0000000002019b5c                alt_ic_irq_enable
                0x0000000002019bfc                alt_ic_irq_disable
                0x0000000002019ca0                alt_ic_irq_enabled
 .text          0x0000000002019cec       0xf0 ../Basic_DVS_App2_bsp/\libhal_bsp.a(alt_iic_isr_register.o)
                0x0000000002019cec                alt_iic_isr_register
 .text          0x0000000002019ddc      0x158 ../Basic_DVS_App2_bsp/\libhal_bsp.a(alt_io_redirect.o)
                0x0000000002019ebc                alt_io_redirect
 .text          0x0000000002019f34        0x0 ../Basic_DVS_App2_bsp/\libhal_bsp.a(alt_irq_entry.o)
 .text          0x0000000002019f34        0x0 ../Basic_DVS_App2_bsp/\libhal_bsp.a(alt_irq_handler.o)
 .text          0x0000000002019f34        0x0 ../Basic_DVS_App2_bsp/\libhal_bsp.a(alt_irq_vars.o)
 .text          0x0000000002019f34      0x19c ../Basic_DVS_App2_bsp/\libhal_bsp.a(alt_tick.o)
                0x0000000002019f34                alt_alarm_stop
                0x0000000002019fcc                alt_tick
 .text          0x000000000201a0d0       0x20 ../Basic_DVS_App2_bsp/\libhal_bsp.a(altera_nios2_gen2_irq.o)
                0x000000000201a0d0                altera_nios2_gen2_irq_init
 .text          0x000000000201a0f0        0x0 ../Basic_DVS_App2_bsp/\libhal_bsp.a(alt_exception_entry.o)
 .text          0x000000000201a0f0       0x9c ../Basic_DVS_App2_bsp/\libhal_bsp.a(alt_instruction_exception_entry.o)
                0x000000000201a0f0                alt_exception_cause_generated_bad_addr
 .text          0x000000000201a18c       0x14 d:/program_files/altera/nios2eds/bin/gnu/h-x86_64-mingw32/bin/../lib/gcc/nios2-elf/4.9.1/../../../../../H-x86_64-mingw32/nios2-elf/lib/mno-hw-mul\libc.a(lib_a-atexit.o)
                0x000000000201a18c                atexit
 .text          0x000000000201a1a0       0x7c d:/program_files/altera/nios2eds/bin/gnu/h-x86_64-mingw32/bin/../lib/gcc/nios2-elf/4.9.1/../../../../../H-x86_64-mingw32/nios2-elf/lib/mno-hw-mul\libc.a(lib_a-memcmp.o)
                0x000000000201a1a0                memcmp
 .text          0x000000000201a21c      0x114 d:/program_files/altera/nios2eds/bin/gnu/h-x86_64-mingw32/bin/../lib/gcc/nios2-elf/4.9.1/../../../../../H-x86_64-mingw32/nios2-elf/lib/mno-hw-mul\libc.a(lib_a-__atexit.o)
                0x000000000201a21c                __register_exitproc
 .text          0x000000000201a330       0x70 d:/program_files/altera/nios2eds/bin/gnu/h-x86_64-mingw32/bin/../lib/gcc/nios2-elf/4.9.1/mno-hw-mul\libgcc.a(_floatundidf.o)
                0x000000000201a330                __floatundidf
 *(.gnu.warning.*)
 *(.fini)
                0x000000000201a3a0                PROVIDE (__etext, ABSOLUTE (.))
                0x000000000201a3a0                PROVIDE (_etext, ABSOLUTE (.))
                0x000000000201a3a0                PROVIDE (etext, ABSOLUTE (.))
 *(.eh_frame_hdr)
                0x000000000201a3a0                . = ALIGN (0x4)
                0x000000000201a3a0                PROVIDE (__preinit_array_start, ABSOLUTE (.))
 *(.preinit_array)
                0x000000000201a3a0                PROVIDE (__preinit_array_end, ABSOLUTE (.))
                0x000000000201a3a0                PROVIDE (__init_array_start, ABSOLUTE (.))
 *(.init_array)
                0x000000000201a3a0                PROVIDE (__init_array_end, ABSOLUTE (.))
                0x000000000201a3a0                PROVIDE (__fini_array_start, ABSOLUTE (.))
 *(.fini_array)
                0x000000000201a3a0                PROVIDE (__fini_array_end, ABSOLUTE (.))
 *(.eh_frame)
 *(.gcc_except_table .gcc_except_table.*)
 *(.dynamic)
                0x000000000201a3a0                PROVIDE (__CTOR_LIST__, ABSOLUTE (.))
 *(.ctors)
 *(SORT(.ctors.*))
                0x000000000201a3a0                PROVIDE (__CTOR_END__, ABSOLUTE (.))
                0x000000000201a3a0                PROVIDE (__DTOR_LIST__, ABSOLUTE (.))
 *(.dtors)
 *(SORT(.dtors.*))
                0x000000000201a3a0                PROVIDE (__DTOR_END__, ABSOLUTE (.))
 *(.jcr)
                0x000000000201a3a0                . = ALIGN (0x4)

.rodata         0x000000000201a3a0      0x900
                0x000000000201a3a0                PROVIDE (__ram_rodata_start, ABSOLUTE (.))
                0x000000000201a3a0                . = ALIGN (0x4)
 *(.rodata .rodata.* .gnu.linkonce.r.*)
 .rodata        0x000000000201a3a0       0xdc obj/default/image.o
 .rodata        0x000000000201a47c       0xe0 obj/default/main.o
 .rodata.str1.4
                0x000000000201a55c        0x2 d:/program_files/altera/nios2eds/bin/gnu/h-x86_64-mingw32/bin/../lib/gcc/nios2-elf/4.9.1/../../../../../H-x86_64-mingw32/nios2-elf/lib/mno-hw-mul\libc.a(lib_a-impure.o)
                                          0x4 (size before relaxing)
 *fill*         0x000000000201a55e        0x2 
 .rodata.str1.4
                0x000000000201a560        0x2 d:/program_files/altera/nios2eds/bin/gnu/h-x86_64-mingw32/bin/../lib/gcc/nios2-elf/4.9.1/../../../../../H-x86_64-mingw32/nios2-elf/lib/mno-hw-mul\libc.a(lib_a-puts.o)
                                          0x4 (size before relaxing)
 *fill*         0x000000000201a562        0x2 
 .rodata.str1.4
                0x000000000201a564       0x42 d:/program_files/altera/nios2eds/bin/gnu/h-x86_64-mingw32/bin/../lib/gcc/nios2-elf/4.9.1/../../../../../H-x86_64-mingw32/nios2-elf/lib/mno-hw-mul\libc.a(lib_a-vfprintf.o)
                                         0x44 (size before relaxing)
 .rodata        0x000000000201a5a6       0x20 d:/program_files/altera/nios2eds/bin/gnu/h-x86_64-mingw32/bin/../lib/gcc/nios2-elf/4.9.1/../../../../../H-x86_64-mingw32/nios2-elf/lib/mno-hw-mul\libc.a(lib_a-vfprintf.o)
 *fill*         0x000000000201a5c6        0x2 
 .rodata.str1.4
                0x000000000201a5c8        0x5 d:/program_files/altera/nios2eds/bin/gnu/h-x86_64-mingw32/bin/../lib/gcc/nios2-elf/4.9.1/../../../../../H-x86_64-mingw32/nios2-elf/lib/mno-hw-mul\libc.a(lib_a-vfscanf.o)
                                          0x8 (size before relaxing)
 *fill*         0x000000000201a5cd        0x1 
 .rodata        0x000000000201a5ce       0x22 d:/program_files/altera/nios2eds/bin/gnu/h-x86_64-mingw32/bin/../lib/gcc/nios2-elf/4.9.1/../../../../../H-x86_64-mingw32/nios2-elf/lib/mno-hw-mul\libc.a(lib_a-vfscanf.o)
 .rodata        0x000000000201a5f0      0x281 d:/program_files/altera/nios2eds/bin/gnu/h-x86_64-mingw32/bin/../lib/gcc/nios2-elf/4.9.1/../../../../../H-x86_64-mingw32/nios2-elf/lib/mno-hw-mul\libc.a(lib_a-ctype_.o)
                0x000000000201a5f0                _ctype_
 *fill*         0x000000000201a871        0x3 
 .rodata.str1.4
                0x000000000201a874       0x10 d:/program_files/altera/nios2eds/bin/gnu/h-x86_64-mingw32/bin/../lib/gcc/nios2-elf/4.9.1/../../../../../H-x86_64-mingw32/nios2-elf/lib/mno-hw-mul\libc.a(lib_a-dtoa.o)
                                         0x14 (size before relaxing)
 .rodata.str1.4
                0x000000000201a884        0xa d:/program_files/altera/nios2eds/bin/gnu/h-x86_64-mingw32/bin/../lib/gcc/nios2-elf/4.9.1/../../../../../H-x86_64-mingw32/nios2-elf/lib/mno-hw-mul\libc.a(lib_a-locale.o)
                                         0x14 (size before relaxing)
 .rodata.str1.4
                0x0000000000000000        0x4 d:/program_files/altera/nios2eds/bin/gnu/h-x86_64-mingw32/bin/../lib/gcc/nios2-elf/4.9.1/../../../../../H-x86_64-mingw32/nios2-elf/lib/mno-hw-mul\libc.a(lib_a-mbrtowc.o)
 *fill*         0x000000000201a88e        0x2 
 .rodata        0x000000000201a890      0x124 d:/program_files/altera/nios2eds/bin/gnu/h-x86_64-mingw32/bin/../lib/gcc/nios2-elf/4.9.1/../../../../../H-x86_64-mingw32/nios2-elf/lib/mno-hw-mul\libc.a(lib_a-mprec.o)
                0x000000000201a89c                __mprec_tinytens
                0x000000000201a8c4                __mprec_bigtens
                0x000000000201a8ec                __mprec_tens
 .rodata.str1.4
                0x000000000201a9b4        0xf d:/program_files/altera/nios2eds/bin/gnu/h-x86_64-mingw32/bin/../lib/gcc/nios2-elf/4.9.1/../../../../../H-x86_64-mingw32/nios2-elf/lib/mno-hw-mul\libc.a(lib_a-strtod.o)
                                         0x10 (size before relaxing)
 *fill*         0x000000000201a9c3        0x1 
 .rodata        0x000000000201a9c4       0x28 d:/program_files/altera/nios2eds/bin/gnu/h-x86_64-mingw32/bin/../lib/gcc/nios2-elf/4.9.1/../../../../../H-x86_64-mingw32/nios2-elf/lib/mno-hw-mul\libc.a(lib_a-strtod.o)
 .rodata.str1.4
                0x0000000000000000       0x44 d:/program_files/altera/nios2eds/bin/gnu/h-x86_64-mingw32/bin/../lib/gcc/nios2-elf/4.9.1/../../../../../H-x86_64-mingw32/nios2-elf/lib/mno-hw-mul\libc.a(lib_a-svfprintf.o)
 .rodata        0x000000000201a9ec       0x20 d:/program_files/altera/nios2eds/bin/gnu/h-x86_64-mingw32/bin/../lib/gcc/nios2-elf/4.9.1/../../../../../H-x86_64-mingw32/nios2-elf/lib/mno-hw-mul\libc.a(lib_a-svfprintf.o)
 .rodata.str1.4
                0x0000000000000000       0x30 d:/program_files/altera/nios2eds/bin/gnu/h-x86_64-mingw32/bin/../lib/gcc/nios2-elf/4.9.1/../../../../../H-x86_64-mingw32/nios2-elf/lib/mno-hw-mul\libc.a(lib_a-vfiprintf.o)
 .rodata        0x000000000201aa0c       0x20 d:/program_files/altera/nios2eds/bin/gnu/h-x86_64-mingw32/bin/../lib/gcc/nios2-elf/4.9.1/../../../../../H-x86_64-mingw32/nios2-elf/lib/mno-hw-mul\libc.a(lib_a-vfiprintf.o)
 .rodata.str1.4
                0x000000000201aa2c       0x1c d:/program_files/altera/nios2eds/bin/gnu/h-x86_64-mingw32/bin/../lib/gcc/nios2-elf/4.9.1/../../../../../H-x86_64-mingw32/nios2-elf/lib/mno-hw-mul\libc.a(lib_a-gdtoa-gethex.o)
 .rodata.str1.4
                0x0000000000000000       0x30 d:/program_files/altera/nios2eds/bin/gnu/h-x86_64-mingw32/bin/../lib/gcc/nios2-elf/4.9.1/../../../../../H-x86_64-mingw32/nios2-elf/lib/mno-hw-mul\libc.a(lib_a-svfiprintf.o)
 .rodata        0x000000000201aa48       0x20 d:/program_files/altera/nios2eds/bin/gnu/h-x86_64-mingw32/bin/../lib/gcc/nios2-elf/4.9.1/../../../../../H-x86_64-mingw32/nios2-elf/lib/mno-hw-mul\libc.a(lib_a-svfiprintf.o)
 .rodata        0x000000000201aa68      0x100 d:/program_files/altera/nios2eds/bin/gnu/h-x86_64-mingw32/bin/../lib/gcc/nios2-elf/4.9.1/mno-hw-mul\libgcc.a(_clz.o)
                0x000000000201aa68                __clz_tab
 .rodata        0x000000000201ab68        0xc ../Basic_DVS_App2_bsp/\libhal_bsp.a(alt_dev.o)
 .rodata        0x000000000201ab74       0x10 ../Basic_DVS_App2_bsp/\libhal_bsp.a(alt_main.o)
 .rodata        0x000000000201ab84       0x1c ../Basic_DVS_App2_bsp/\libhal_bsp.a(alt_sys_init.o)
 .rodata        0x000000000201aba0      0x100 ../Basic_DVS_App2_bsp/\libhal_bsp.a(perf_print_formatted_report.o)
 *(.rodata1)
                0x000000000201aca0                . = ALIGN (0x4)
                0x000000000201aca0                PROVIDE (__ram_rodata_end, ABSOLUTE (.))
                0x000000000201a3a0                PROVIDE (__flash_rodata_start, LOADADDR (.rodata))

.rwdata         0x000000000201aca0     0x1b8c load address 0x000000000201c82c
                0x000000000201aca0                PROVIDE (__ram_rwdata_start, ABSOLUTE (.))
                0x000000000201aca0                . = ALIGN (0x4)
 *(.got.plt)
 *(.got)
 *(.data1)
 *(.data .data.* .gnu.linkonce.d.*)
 .data          0x000000000201aca0        0x0 ../Basic_DVS_App2_bsp//obj/HAL/src/crt0.o
 .data          0x000000000201aca0        0x0 obj/default/image.o
 .data          0x000000000201aca0        0x0 obj/default/main.o
 .data          0x000000000201aca0        0x0 d:/program_files/altera/nios2eds/bin/gnu/h-x86_64-mingw32/bin/../lib/gcc/nios2-elf/4.9.1/mno-hw-mul\libgcc.a(lib2-mul.o)
 .data          0x000000000201aca0        0x0 d:/program_files/altera/nios2eds/bin/gnu/h-x86_64-mingw32/bin/../lib/gcc/nios2-elf/4.9.1/../../../../../H-x86_64-mingw32/nios2-elf/lib/mno-hw-mul\libc.a(lib_a-exit.o)
 .data          0x000000000201aca0        0x0 d:/program_files/altera/nios2eds/bin/gnu/h-x86_64-mingw32/bin/../lib/gcc/nios2-elf/4.9.1/../../../../../H-x86_64-mingw32/nios2-elf/lib/mno-hw-mul\libc.a(lib_a-fclose.o)
 .data          0x000000000201aca0        0x0 d:/program_files/altera/nios2eds/bin/gnu/h-x86_64-mingw32/bin/../lib/gcc/nios2-elf/4.9.1/../../../../../H-x86_64-mingw32/nios2-elf/lib/mno-hw-mul\libc.a(lib_a-fflush.o)
 .data          0x000000000201aca0        0x0 d:/program_files/altera/nios2eds/bin/gnu/h-x86_64-mingw32/bin/../lib/gcc/nios2-elf/4.9.1/../../../../../H-x86_64-mingw32/nios2-elf/lib/mno-hw-mul\libc.a(lib_a-findfp.o)
 .data          0x000000000201aca0        0x0 d:/program_files/altera/nios2eds/bin/gnu/h-x86_64-mingw32/bin/../lib/gcc/nios2-elf/4.9.1/../../../../../H-x86_64-mingw32/nios2-elf/lib/mno-hw-mul\libc.a(lib_a-fopen.o)
 .data          0x000000000201aca0        0x0 d:/program_files/altera/nios2eds/bin/gnu/h-x86_64-mingw32/bin/../lib/gcc/nios2-elf/4.9.1/../../../../../H-x86_64-mingw32/nios2-elf/lib/mno-hw-mul\libc.a(lib_a-fread.o)
 .data          0x000000000201aca0        0x0 d:/program_files/altera/nios2eds/bin/gnu/h-x86_64-mingw32/bin/../lib/gcc/nios2-elf/4.9.1/../../../../../H-x86_64-mingw32/nios2-elf/lib/mno-hw-mul\libc.a(lib_a-freer.o)
 .data          0x000000000201aca0        0x0 d:/program_files/altera/nios2eds/bin/gnu/h-x86_64-mingw32/bin/../lib/gcc/nios2-elf/4.9.1/../../../../../H-x86_64-mingw32/nios2-elf/lib/mno-hw-mul\libc.a(lib_a-fseek.o)
 .data          0x000000000201aca0        0x0 d:/program_files/altera/nios2eds/bin/gnu/h-x86_64-mingw32/bin/../lib/gcc/nios2-elf/4.9.1/../../../../../H-x86_64-mingw32/nios2-elf/lib/mno-hw-mul\libc.a(lib_a-fstatr.o)
 .data          0x000000000201aca0        0x0 d:/program_files/altera/nios2eds/bin/gnu/h-x86_64-mingw32/bin/../lib/gcc/nios2-elf/4.9.1/../../../../../H-x86_64-mingw32/nios2-elf/lib/mno-hw-mul\libc.a(lib_a-fwalk.o)
 .data          0x000000000201aca0        0x0 d:/program_files/altera/nios2eds/bin/gnu/h-x86_64-mingw32/bin/../lib/gcc/nios2-elf/4.9.1/../../../../../H-x86_64-mingw32/nios2-elf/lib/mno-hw-mul\libc.a(lib_a-fwrite.o)
 .data          0x000000000201aca0      0x424 d:/program_files/altera/nios2eds/bin/gnu/h-x86_64-mingw32/bin/../lib/gcc/nios2-elf/4.9.1/../../../../../H-x86_64-mingw32/nios2-elf/lib/mno-hw-mul\libc.a(lib_a-impure.o)
 .data          0x000000000201b0c4        0x0 d:/program_files/altera/nios2eds/bin/gnu/h-x86_64-mingw32/bin/../lib/gcc/nios2-elf/4.9.1/../../../../../H-x86_64-mingw32/nios2-elf/lib/mno-hw-mul\libc.a(lib_a-int_errno.o)
 .data          0x000000000201b0c4        0x0 d:/program_files/altera/nios2eds/bin/gnu/h-x86_64-mingw32/bin/../lib/gcc/nios2-elf/4.9.1/../../../../../H-x86_64-mingw32/nios2-elf/lib/mno-hw-mul\libc.a(lib_a-makebuf.o)
 .data          0x000000000201b0c4        0x0 d:/program_files/altera/nios2eds/bin/gnu/h-x86_64-mingw32/bin/../lib/gcc/nios2-elf/4.9.1/../../../../../H-x86_64-mingw32/nios2-elf/lib/mno-hw-mul\libc.a(lib_a-malloc.o)
 .data          0x000000000201b0c4      0x408 d:/program_files/altera/nios2eds/bin/gnu/h-x86_64-mingw32/bin/../lib/gcc/nios2-elf/4.9.1/../../../../../H-x86_64-mingw32/nios2-elf/lib/mno-hw-mul\libc.a(lib_a-mallocr.o)
                0x000000000201b0c4                __malloc_av_
 .data          0x000000000201b4cc        0x0 d:/program_files/altera/nios2eds/bin/gnu/h-x86_64-mingw32/bin/../lib/gcc/nios2-elf/4.9.1/../../../../../H-x86_64-mingw32/nios2-elf/lib/mno-hw-mul\libc.a(lib_a-memcpy.o)
 .data          0x000000000201b4cc        0x0 d:/program_files/altera/nios2eds/bin/gnu/h-x86_64-mingw32/bin/../lib/gcc/nios2-elf/4.9.1/../../../../../H-x86_64-mingw32/nios2-elf/lib/mno-hw-mul\libc.a(lib_a-memset.o)
 .data          0x000000000201b4cc        0x0 d:/program_files/altera/nios2eds/bin/gnu/h-x86_64-mingw32/bin/../lib/gcc/nios2-elf/4.9.1/../../../../../H-x86_64-mingw32/nios2-elf/lib/mno-hw-mul\libc.a(lib_a-openr.o)
 .data          0x000000000201b4cc        0x0 d:/program_files/altera/nios2eds/bin/gnu/h-x86_64-mingw32/bin/../lib/gcc/nios2-elf/4.9.1/../../../../../H-x86_64-mingw32/nios2-elf/lib/mno-hw-mul\libc.a(lib_a-printf.o)
 .data          0x000000000201b4cc        0x0 d:/program_files/altera/nios2eds/bin/gnu/h-x86_64-mingw32/bin/../lib/gcc/nios2-elf/4.9.1/../../../../../H-x86_64-mingw32/nios2-elf/lib/mno-hw-mul\libc.a(lib_a-puts.o)
 .data          0x000000000201b4cc        0x0 d:/program_files/altera/nios2eds/bin/gnu/h-x86_64-mingw32/bin/../lib/gcc/nios2-elf/4.9.1/../../../../../H-x86_64-mingw32/nios2-elf/lib/mno-hw-mul\libc.a(lib_a-refill.o)
 .data          0x000000000201b4cc        0x0 d:/program_files/altera/nios2eds/bin/gnu/h-x86_64-mingw32/bin/../lib/gcc/nios2-elf/4.9.1/../../../../../H-x86_64-mingw32/nios2-elf/lib/mno-hw-mul\libc.a(lib_a-sbrkr.o)
 .data          0x000000000201b4cc        0x0 d:/program_files/altera/nios2eds/bin/gnu/h-x86_64-mingw32/bin/../lib/gcc/nios2-elf/4.9.1/../../../../../H-x86_64-mingw32/nios2-elf/lib/mno-hw-mul\libc.a(lib_a-scanf.o)
 .data          0x000000000201b4cc        0x0 d:/program_files/altera/nios2eds/bin/gnu/h-x86_64-mingw32/bin/../lib/gcc/nios2-elf/4.9.1/../../../../../H-x86_64-mingw32/nios2-elf/lib/mno-hw-mul\libc.a(lib_a-stdio.o)
 .data          0x000000000201b4cc        0x0 d:/program_files/altera/nios2eds/bin/gnu/h-x86_64-mingw32/bin/../lib/gcc/nios2-elf/4.9.1/../../../../../H-x86_64-mingw32/nios2-elf/lib/mno-hw-mul\libc.a(lib_a-strcat.o)
 .data          0x000000000201b4cc        0x0 d:/program_files/altera/nios2eds/bin/gnu/h-x86_64-mingw32/bin/../lib/gcc/nios2-elf/4.9.1/../../../../../H-x86_64-mingw32/nios2-elf/lib/mno-hw-mul\libc.a(lib_a-strcpy.o)
 .data          0x000000000201b4cc        0x0 d:/program_files/altera/nios2eds/bin/gnu/h-x86_64-mingw32/bin/../lib/gcc/nios2-elf/4.9.1/../../../../../H-x86_64-mingw32/nios2-elf/lib/mno-hw-mul\libc.a(lib_a-strlen.o)
 .data          0x000000000201b4cc        0x0 d:/program_files/altera/nios2eds/bin/gnu/h-x86_64-mingw32/bin/../lib/gcc/nios2-elf/4.9.1/../../../../../H-x86_64-mingw32/nios2-elf/lib/mno-hw-mul\libc.a(lib_a-vfprintf.o)
 .data          0x000000000201b4cc        0x0 d:/program_files/altera/nios2eds/bin/gnu/h-x86_64-mingw32/bin/../lib/gcc/nios2-elf/4.9.1/../../../../../H-x86_64-mingw32/nios2-elf/lib/mno-hw-mul\libc.a(lib_a-vfscanf.o)
 .data          0x000000000201b4cc        0x0 d:/program_files/altera/nios2eds/bin/gnu/h-x86_64-mingw32/bin/../lib/gcc/nios2-elf/4.9.1/../../../../../H-x86_64-mingw32/nios2-elf/lib/mno-hw-mul\libc.a(lib_a-writer.o)
 .data          0x000000000201b4cc        0x0 d:/program_files/altera/nios2eds/bin/gnu/h-x86_64-mingw32/bin/../lib/gcc/nios2-elf/4.9.1/../../../../../H-x86_64-mingw32/nios2-elf/lib/mno-hw-mul\libc.a(lib_a-wsetup.o)
 .data          0x000000000201b4cc        0x0 d:/program_files/altera/nios2eds/bin/gnu/h-x86_64-mingw32/bin/../lib/gcc/nios2-elf/4.9.1/../../../../../H-x86_64-mingw32/nios2-elf/lib/mno-hw-mul\libc.a(closer.o)
 .data          0x000000000201b4cc        0x0 d:/program_files/altera/nios2eds/bin/gnu/h-x86_64-mingw32/bin/../lib/gcc/nios2-elf/4.9.1/../../../../../H-x86_64-mingw32/nios2-elf/lib/mno-hw-mul\libc.a(lib_a-__call_atexit.o)
 .data          0x000000000201b4cc        0x0 d:/program_files/altera/nios2eds/bin/gnu/h-x86_64-mingw32/bin/../lib/gcc/nios2-elf/4.9.1/../../../../../H-x86_64-mingw32/nios2-elf/lib/mno-hw-mul\libc.a(lib_a-ctype_.o)
 .data          0x000000000201b4cc        0x0 d:/program_files/altera/nios2eds/bin/gnu/h-x86_64-mingw32/bin/../lib/gcc/nios2-elf/4.9.1/../../../../../H-x86_64-mingw32/nios2-elf/lib/mno-hw-mul\libc.a(lib_a-dtoa.o)
 .data          0x000000000201b4cc        0x0 d:/program_files/altera/nios2eds/bin/gnu/h-x86_64-mingw32/bin/../lib/gcc/nios2-elf/4.9.1/../../../../../H-x86_64-mingw32/nios2-elf/lib/mno-hw-mul\libc.a(lib_a-flags.o)
 .data          0x000000000201b4cc        0x0 d:/program_files/altera/nios2eds/bin/gnu/h-x86_64-mingw32/bin/../lib/gcc/nios2-elf/4.9.1/../../../../../H-x86_64-mingw32/nios2-elf/lib/mno-hw-mul\libc.a(lib_a-fvwrite.o)
 .data          0x000000000201b4cc        0x0 d:/program_files/altera/nios2eds/bin/gnu/h-x86_64-mingw32/bin/../lib/gcc/nios2-elf/4.9.1/../../../../../H-x86_64-mingw32/nios2-elf/lib/mno-hw-mul\libc.a(lib_a-isattyr.o)
 .data          0x000000000201b4cc        0x0 d:/program_files/altera/nios2eds/bin/gnu/h-x86_64-mingw32/bin/../lib/gcc/nios2-elf/4.9.1/../../../../../H-x86_64-mingw32/nios2-elf/lib/mno-hw-mul\libc.a(lib_a-iswspace.o)
 .data          0x000000000201b4cc       0x78 d:/program_files/altera/nios2eds/bin/gnu/h-x86_64-mingw32/bin/../lib/gcc/nios2-elf/4.9.1/../../../../../H-x86_64-mingw32/nios2-elf/lib/mno-hw-mul\libc.a(lib_a-locale.o)
 .data          0x000000000201b544        0x0 d:/program_files/altera/nios2eds/bin/gnu/h-x86_64-mingw32/bin/../lib/gcc/nios2-elf/4.9.1/../../../../../H-x86_64-mingw32/nios2-elf/lib/mno-hw-mul\libc.a(lib_a-lseekr.o)
 .data          0x000000000201b544        0x0 d:/program_files/altera/nios2eds/bin/gnu/h-x86_64-mingw32/bin/../lib/gcc/nios2-elf/4.9.1/../../../../../H-x86_64-mingw32/nios2-elf/lib/mno-hw-mul\libc.a(lib_a-mbrtowc.o)
 .data          0x000000000201b544        0x0 d:/program_files/altera/nios2eds/bin/gnu/h-x86_64-mingw32/bin/../lib/gcc/nios2-elf/4.9.1/../../../../../H-x86_64-mingw32/nios2-elf/lib/mno-hw-mul\libc.a(lib_a-mbtowc_r.o)
 .data          0x000000000201b544        0x0 d:/program_files/altera/nios2eds/bin/gnu/h-x86_64-mingw32/bin/../lib/gcc/nios2-elf/4.9.1/../../../../../H-x86_64-mingw32/nios2-elf/lib/mno-hw-mul\libc.a(lib_a-memchr.o)
 .data          0x000000000201b544        0x0 d:/program_files/altera/nios2eds/bin/gnu/h-x86_64-mingw32/bin/../lib/gcc/nios2-elf/4.9.1/../../../../../H-x86_64-mingw32/nios2-elf/lib/mno-hw-mul\libc.a(lib_a-memmove.o)
 .data          0x000000000201b544        0x0 d:/program_files/altera/nios2eds/bin/gnu/h-x86_64-mingw32/bin/../lib/gcc/nios2-elf/4.9.1/../../../../../H-x86_64-mingw32/nios2-elf/lib/mno-hw-mul\libc.a(lib_a-mprec.o)
 .data          0x000000000201b544        0x0 d:/program_files/altera/nios2eds/bin/gnu/h-x86_64-mingw32/bin/../lib/gcc/nios2-elf/4.9.1/../../../../../H-x86_64-mingw32/nios2-elf/lib/mno-hw-mul\libc.a(lib_a-readr.o)
 .data          0x000000000201b544        0x0 d:/program_files/altera/nios2eds/bin/gnu/h-x86_64-mingw32/bin/../lib/gcc/nios2-elf/4.9.1/../../../../../H-x86_64-mingw32/nios2-elf/lib/mno-hw-mul\libc.a(lib_a-reallocr.o)
 .data          0x000000000201b544        0x0 d:/program_files/altera/nios2eds/bin/gnu/h-x86_64-mingw32/bin/../lib/gcc/nios2-elf/4.9.1/../../../../../H-x86_64-mingw32/nios2-elf/lib/mno-hw-mul\libc.a(lib_a-s_fpclassify.o)
 .data          0x000000000201b544        0x0 d:/program_files/altera/nios2eds/bin/gnu/h-x86_64-mingw32/bin/../lib/gcc/nios2-elf/4.9.1/../../../../../H-x86_64-mingw32/nios2-elf/lib/mno-hw-mul\libc.a(lib_a-sccl.o)
 .data          0x000000000201b544        0x0 d:/program_files/altera/nios2eds/bin/gnu/h-x86_64-mingw32/bin/../lib/gcc/nios2-elf/4.9.1/../../../../../H-x86_64-mingw32/nios2-elf/lib/mno-hw-mul\libc.a(lib_a-sf_nan.o)
 .data          0x000000000201b544        0x0 d:/program_files/altera/nios2eds/bin/gnu/h-x86_64-mingw32/bin/../lib/gcc/nios2-elf/4.9.1/../../../../../H-x86_64-mingw32/nios2-elf/lib/mno-hw-mul\libc.a(lib_a-sprintf.o)
 .data          0x000000000201b544        0x0 d:/program_files/altera/nios2eds/bin/gnu/h-x86_64-mingw32/bin/../lib/gcc/nios2-elf/4.9.1/../../../../../H-x86_64-mingw32/nios2-elf/lib/mno-hw-mul\libc.a(lib_a-strcmp.o)
 .data          0x000000000201b544       0x28 d:/program_files/altera/nios2eds/bin/gnu/h-x86_64-mingw32/bin/../lib/gcc/nios2-elf/4.9.1/../../../../../H-x86_64-mingw32/nios2-elf/lib/mno-hw-mul\libc.a(lib_a-strtod.o)
 .data          0x000000000201b56c        0x0 d:/program_files/altera/nios2eds/bin/gnu/h-x86_64-mingw32/bin/../lib/gcc/nios2-elf/4.9.1/../../../../../H-x86_64-mingw32/nios2-elf/lib/mno-hw-mul\libc.a(lib_a-strtol.o)
 .data          0x000000000201b56c        0x0 d:/program_files/altera/nios2eds/bin/gnu/h-x86_64-mingw32/bin/../lib/gcc/nios2-elf/4.9.1/../../../../../H-x86_64-mingw32/nios2-elf/lib/mno-hw-mul\libc.a(lib_a-strtoll_r.o)
 .data          0x000000000201b56c        0x0 d:/program_files/altera/nios2eds/bin/gnu/h-x86_64-mingw32/bin/../lib/gcc/nios2-elf/4.9.1/../../../../../H-x86_64-mingw32/nios2-elf/lib/mno-hw-mul\libc.a(lib_a-strtoul.o)
 .data          0x000000000201b56c        0x0 d:/program_files/altera/nios2eds/bin/gnu/h-x86_64-mingw32/bin/../lib/gcc/nios2-elf/4.9.1/../../../../../H-x86_64-mingw32/nios2-elf/lib/mno-hw-mul\libc.a(lib_a-strtoull_r.o)
 .data          0x000000000201b56c        0x0 d:/program_files/altera/nios2eds/bin/gnu/h-x86_64-mingw32/bin/../lib/gcc/nios2-elf/4.9.1/../../../../../H-x86_64-mingw32/nios2-elf/lib/mno-hw-mul\libc.a(lib_a-svfprintf.o)
 .data          0x000000000201b56c        0x0 d:/program_files/altera/nios2eds/bin/gnu/h-x86_64-mingw32/bin/../lib/gcc/nios2-elf/4.9.1/../../../../../H-x86_64-mingw32/nios2-elf/lib/mno-hw-mul\libc.a(lib_a-ungetc.o)
 .data          0x000000000201b56c        0x0 d:/program_files/altera/nios2eds/bin/gnu/h-x86_64-mingw32/bin/../lib/gcc/nios2-elf/4.9.1/../../../../../H-x86_64-mingw32/nios2-elf/lib/mno-hw-mul\libc.a(lib_a-vfiprintf.o)
 .data          0x000000000201b56c        0x0 d:/program_files/altera/nios2eds/bin/gnu/h-x86_64-mingw32/bin/../lib/gcc/nios2-elf/4.9.1/../../../../../H-x86_64-mingw32/nios2-elf/lib/mno-hw-mul\libc.a(lib_a-callocr.o)
 .data          0x000000000201b56c        0x0 d:/program_files/altera/nios2eds/bin/gnu/h-x86_64-mingw32/bin/../lib/gcc/nios2-elf/4.9.1/../../../../../H-x86_64-mingw32/nios2-elf/lib/mno-hw-mul\libc.a(lib_a-fputwc.o)
 .data          0x000000000201b56c        0x0 d:/program_files/altera/nios2eds/bin/gnu/h-x86_64-mingw32/bin/../lib/gcc/nios2-elf/4.9.1/../../../../../H-x86_64-mingw32/nios2-elf/lib/mno-hw-mul\libc.a(lib_a-gdtoa-gethex.o)
 .data          0x000000000201b56c        0x0 d:/program_files/altera/nios2eds/bin/gnu/h-x86_64-mingw32/bin/../lib/gcc/nios2-elf/4.9.1/../../../../../H-x86_64-mingw32/nios2-elf/lib/mno-hw-mul\libc.a(lib_a-gdtoa-hexnan.o)
 .data          0x000000000201b56c        0x0 d:/program_files/altera/nios2eds/bin/gnu/h-x86_64-mingw32/bin/../lib/gcc/nios2-elf/4.9.1/../../../../../H-x86_64-mingw32/nios2-elf/lib/mno-hw-mul\libc.a(lib_a-strncmp.o)
 .data          0x000000000201b56c        0x0 d:/program_files/altera/nios2eds/bin/gnu/h-x86_64-mingw32/bin/../lib/gcc/nios2-elf/4.9.1/../../../../../H-x86_64-mingw32/nios2-elf/lib/mno-hw-mul\libc.a(lib_a-svfiprintf.o)
 .data          0x000000000201b56c        0x0 d:/program_files/altera/nios2eds/bin/gnu/h-x86_64-mingw32/bin/../lib/gcc/nios2-elf/4.9.1/../../../../../H-x86_64-mingw32/nios2-elf/lib/mno-hw-mul\libc.a(lib_a-wbuf.o)
 .data          0x000000000201b56c        0x0 d:/program_files/altera/nios2eds/bin/gnu/h-x86_64-mingw32/bin/../lib/gcc/nios2-elf/4.9.1/../../../../../H-x86_64-mingw32/nios2-elf/lib/mno-hw-mul\libc.a(lib_a-wcrtomb.o)
 .data          0x000000000201b56c        0x0 d:/program_files/altera/nios2eds/bin/gnu/h-x86_64-mingw32/bin/../lib/gcc/nios2-elf/4.9.1/../../../../../H-x86_64-mingw32/nios2-elf/lib/mno-hw-mul\libc.a(lib_a-wctomb_r.o)
 .data          0x000000000201b56c        0x0 d:/program_files/altera/nios2eds/bin/gnu/h-x86_64-mingw32/bin/../lib/gcc/nios2-elf/4.9.1/mno-hw-mul\libgcc.a(_muldi3.o)
 .data          0x000000000201b56c        0x0 d:/program_files/altera/nios2eds/bin/gnu/h-x86_64-mingw32/bin/../lib/gcc/nios2-elf/4.9.1/mno-hw-mul\libgcc.a(_fixunsdfsi.o)
 .data          0x000000000201b56c        0x0 d:/program_files/altera/nios2eds/bin/gnu/h-x86_64-mingw32/bin/../lib/gcc/nios2-elf/4.9.1/mno-hw-mul\libgcc.a(_udivdi3.o)
 .data          0x000000000201b56c        0x0 d:/program_files/altera/nios2eds/bin/gnu/h-x86_64-mingw32/bin/../lib/gcc/nios2-elf/4.9.1/mno-hw-mul\libgcc.a(_umoddi3.o)
 .data          0x000000000201b56c        0x0 d:/program_files/altera/nios2eds/bin/gnu/h-x86_64-mingw32/bin/../lib/gcc/nios2-elf/4.9.1/mno-hw-mul\libgcc.a(lib2-divmod.o)
 .data          0x000000000201b56c        0x0 d:/program_files/altera/nios2eds/bin/gnu/h-x86_64-mingw32/bin/../lib/gcc/nios2-elf/4.9.1/mno-hw-mul\libgcc.a(eqsf2.o)
 .data          0x000000000201b56c        0x0 d:/program_files/altera/nios2eds/bin/gnu/h-x86_64-mingw32/bin/../lib/gcc/nios2-elf/4.9.1/mno-hw-mul\libgcc.a(gesf2.o)
 .data          0x000000000201b56c        0x0 d:/program_files/altera/nios2eds/bin/gnu/h-x86_64-mingw32/bin/../lib/gcc/nios2-elf/4.9.1/mno-hw-mul\libgcc.a(lesf2.o)
 .data          0x000000000201b56c        0x0 d:/program_files/altera/nios2eds/bin/gnu/h-x86_64-mingw32/bin/../lib/gcc/nios2-elf/4.9.1/mno-hw-mul\libgcc.a(adddf3.o)
 .data          0x000000000201b56c        0x0 d:/program_files/altera/nios2eds/bin/gnu/h-x86_64-mingw32/bin/../lib/gcc/nios2-elf/4.9.1/mno-hw-mul\libgcc.a(divdf3.o)
 .data          0x000000000201b56c        0x0 d:/program_files/altera/nios2eds/bin/gnu/h-x86_64-mingw32/bin/../lib/gcc/nios2-elf/4.9.1/mno-hw-mul\libgcc.a(eqdf2.o)
 .data          0x000000000201b56c        0x0 d:/program_files/altera/nios2eds/bin/gnu/h-x86_64-mingw32/bin/../lib/gcc/nios2-elf/4.9.1/mno-hw-mul\libgcc.a(gedf2.o)
 .data          0x000000000201b56c        0x0 d:/program_files/altera/nios2eds/bin/gnu/h-x86_64-mingw32/bin/../lib/gcc/nios2-elf/4.9.1/mno-hw-mul\libgcc.a(ledf2.o)
 .data          0x000000000201b56c        0x0 d:/program_files/altera/nios2eds/bin/gnu/h-x86_64-mingw32/bin/../lib/gcc/nios2-elf/4.9.1/mno-hw-mul\libgcc.a(muldf3.o)
 .data          0x000000000201b56c        0x0 d:/program_files/altera/nios2eds/bin/gnu/h-x86_64-mingw32/bin/../lib/gcc/nios2-elf/4.9.1/mno-hw-mul\libgcc.a(subdf3.o)
 .data          0x000000000201b56c        0x0 d:/program_files/altera/nios2eds/bin/gnu/h-x86_64-mingw32/bin/../lib/gcc/nios2-elf/4.9.1/mno-hw-mul\libgcc.a(fixdfsi.o)
 .data          0x000000000201b56c        0x0 d:/program_files/altera/nios2eds/bin/gnu/h-x86_64-mingw32/bin/../lib/gcc/nios2-elf/4.9.1/mno-hw-mul\libgcc.a(floatsidf.o)
 .data          0x000000000201b56c        0x0 d:/program_files/altera/nios2eds/bin/gnu/h-x86_64-mingw32/bin/../lib/gcc/nios2-elf/4.9.1/mno-hw-mul\libgcc.a(floatunsidf.o)
 .data          0x000000000201b56c        0x0 d:/program_files/altera/nios2eds/bin/gnu/h-x86_64-mingw32/bin/../lib/gcc/nios2-elf/4.9.1/mno-hw-mul\libgcc.a(truncdfsf2.o)
 .data          0x000000000201b56c        0x0 d:/program_files/altera/nios2eds/bin/gnu/h-x86_64-mingw32/bin/../lib/gcc/nios2-elf/4.9.1/mno-hw-mul\libgcc.a(_clz.o)
 .data          0x000000000201b56c        0x0 d:/program_files/altera/nios2eds/bin/gnu/h-x86_64-mingw32/bin/../lib/gcc/nios2-elf/4.9.1/mno-hw-mul\libgcc.a(_clzsi2.o)
 .data          0x000000000201b56c        0x0 ../Basic_DVS_App2_bsp/\libhal_bsp.a(alt_close.o)
 .data          0x000000000201b56c      0x1a8 ../Basic_DVS_App2_bsp/\libhal_bsp.a(alt_dev.o)
                0x000000000201b56c                alt_dev_null
                0x000000000201b594                alt_fd_list
 .data          0x000000000201b714        0x0 ../Basic_DVS_App2_bsp/\libhal_bsp.a(alt_errno.o)
 .data          0x000000000201b714        0x0 ../Basic_DVS_App2_bsp/\libhal_bsp.a(alt_exit.o)
 .data          0x000000000201b714        0x0 ../Basic_DVS_App2_bsp/\libhal_bsp.a(alt_fstat.o)
 .data          0x000000000201b714        0x0 ../Basic_DVS_App2_bsp/\libhal_bsp.a(alt_isatty.o)
 .data          0x000000000201b714        0x0 ../Basic_DVS_App2_bsp/\libhal_bsp.a(alt_load.o)
 .data          0x000000000201b714        0x0 ../Basic_DVS_App2_bsp/\libhal_bsp.a(alt_lseek.o)
 .data          0x000000000201b714        0x0 ../Basic_DVS_App2_bsp/\libhal_bsp.a(alt_main.o)
 .data          0x000000000201b714        0x0 ../Basic_DVS_App2_bsp/\libhal_bsp.a(alt_malloc_lock.o)
 .data          0x000000000201b714        0x0 ../Basic_DVS_App2_bsp/\libhal_bsp.a(alt_open.o)
 .data          0x000000000201b714        0x0 ../Basic_DVS_App2_bsp/\libhal_bsp.a(alt_read.o)
 .data          0x000000000201b714        0x0 ../Basic_DVS_App2_bsp/\libhal_bsp.a(alt_release_fd.o)
 .data          0x000000000201b714        0x0 ../Basic_DVS_App2_bsp/\libhal_bsp.a(alt_sbrk.o)
 .data          0x000000000201b714        0x0 ../Basic_DVS_App2_bsp/\libhal_bsp.a(alt_write.o)
 .data          0x000000000201b714     0x1088 ../Basic_DVS_App2_bsp/\libhal_bsp.a(alt_sys_init.o)
 .data          0x000000000201c79c        0x0 ../Basic_DVS_App2_bsp/\libhal_bsp.a(altera_avalon_jtag_uart_fd.o)
 .data          0x000000000201c79c        0x0 ../Basic_DVS_App2_bsp/\libhal_bsp.a(altera_avalon_jtag_uart_init.o)
 .data          0x000000000201c79c        0x0 ../Basic_DVS_App2_bsp/\libhal_bsp.a(altera_avalon_jtag_uart_ioctl.o)
 .data          0x000000000201c79c        0x0 ../Basic_DVS_App2_bsp/\libhal_bsp.a(altera_avalon_jtag_uart_read.o)
 .data          0x000000000201c79c        0x0 ../Basic_DVS_App2_bsp/\libhal_bsp.a(altera_avalon_jtag_uart_write.o)
 .data          0x000000000201c79c        0x0 ../Basic_DVS_App2_bsp/\libhal_bsp.a(altera_avalon_performance_counter.o)
 .data          0x000000000201c79c        0x0 ../Basic_DVS_App2_bsp/\libhal_bsp.a(altera_hostfs.o)
 .data          0x000000000201c79c        0x0 ../Basic_DVS_App2_bsp/\libhal_bsp.a(perf_print_formatted_report.o)
 .data          0x000000000201c79c        0x0 ../Basic_DVS_App2_bsp/\libhal_bsp.a(alt_alarm_start.o)
 .data          0x000000000201c79c        0x0 ../Basic_DVS_App2_bsp/\libhal_bsp.a(alt_dcache_flush_all.o)
 .data          0x000000000201c79c        0x0 ../Basic_DVS_App2_bsp/\libhal_bsp.a(alt_dev_llist_insert.o)
 .data          0x000000000201c79c        0x0 ../Basic_DVS_App2_bsp/\libhal_bsp.a(alt_do_ctors.o)
 .data          0x000000000201c79c        0x0 ../Basic_DVS_App2_bsp/\libhal_bsp.a(alt_do_dtors.o)
 .data          0x000000000201c79c        0x0 ../Basic_DVS_App2_bsp/\libhal_bsp.a(alt_find_dev.o)
 .data          0x000000000201c79c        0x0 ../Basic_DVS_App2_bsp/\libhal_bsp.a(alt_find_file.o)
 .data          0x000000000201c79c        0x0 ../Basic_DVS_App2_bsp/\libhal_bsp.a(alt_fs_reg.o)
 .data          0x000000000201c79c        0x0 ../Basic_DVS_App2_bsp/\libhal_bsp.a(alt_get_fd.o)
 .data          0x000000000201c79c        0x0 ../Basic_DVS_App2_bsp/\libhal_bsp.a(alt_icache_flush_all.o)
 .data          0x000000000201c79c        0x0 ../Basic_DVS_App2_bsp/\libhal_bsp.a(alt_iic.o)
 .data          0x000000000201c79c        0x0 ../Basic_DVS_App2_bsp/\libhal_bsp.a(alt_iic_isr_register.o)
 .data          0x000000000201c79c        0x0 ../Basic_DVS_App2_bsp/\libhal_bsp.a(alt_io_redirect.o)
 .data          0x000000000201c79c        0x0 ../Basic_DVS_App2_bsp/\libhal_bsp.a(alt_irq_entry.o)
 .data          0x000000000201c79c        0x0 ../Basic_DVS_App2_bsp/\libhal_bsp.a(alt_irq_handler.o)
 .data          0x000000000201c79c        0x0 ../Basic_DVS_App2_bsp/\libhal_bsp.a(alt_irq_vars.o)
 .data          0x000000000201c79c        0x0 ../Basic_DVS_App2_bsp/\libhal_bsp.a(alt_tick.o)
 .data          0x000000000201c79c        0x0 ../Basic_DVS_App2_bsp/\libhal_bsp.a(altera_nios2_gen2_irq.o)
 .data          0x000000000201c79c        0x0 ../Basic_DVS_App2_bsp/\libhal_bsp.a(alt_exception_entry.o)
 .data          0x000000000201c79c        0x0 ../Basic_DVS_App2_bsp/\libhal_bsp.a(alt_instruction_exception_entry.o)
 .data          0x000000000201c79c        0x0 d:/program_files/altera/nios2eds/bin/gnu/h-x86_64-mingw32/bin/../lib/gcc/nios2-elf/4.9.1/../../../../../H-x86_64-mingw32/nios2-elf/lib/mno-hw-mul\libc.a(lib_a-atexit.o)
 .data          0x000000000201c79c        0x0 d:/program_files/altera/nios2eds/bin/gnu/h-x86_64-mingw32/bin/../lib/gcc/nios2-elf/4.9.1/../../../../../H-x86_64-mingw32/nios2-elf/lib/mno-hw-mul\libc.a(lib_a-memcmp.o)
 .data          0x000000000201c79c        0x0 d:/program_files/altera/nios2eds/bin/gnu/h-x86_64-mingw32/bin/../lib/gcc/nios2-elf/4.9.1/../../../../../H-x86_64-mingw32/nios2-elf/lib/mno-hw-mul\libc.a(lib_a-__atexit.o)
 .data          0x000000000201c79c        0x0 d:/program_files/altera/nios2eds/bin/gnu/h-x86_64-mingw32/bin/../lib/gcc/nios2-elf/4.9.1/mno-hw-mul\libgcc.a(_floatundidf.o)
                0x000000000202479c                _gp = ABSOLUTE ((. + 0x8000))
                0x000000000202479c                PROVIDE (gp, _gp)
 *(.rwdata .rwdata.*)
 *(.sdata .sdata.* .gnu.linkonce.s.*)
 .sdata         0x000000000201c79c        0x8 d:/program_files/altera/nios2eds/bin/gnu/h-x86_64-mingw32/bin/../lib/gcc/nios2-elf/4.9.1/../../../../../H-x86_64-mingw32/nios2-elf/lib/mno-hw-mul\libc.a(lib_a-impure.o)
                0x000000000201c79c                _global_impure_ptr
                0x000000000201c7a0                _impure_ptr
 .sdata         0x000000000201c7a4        0x8 d:/program_files/altera/nios2eds/bin/gnu/h-x86_64-mingw32/bin/../lib/gcc/nios2-elf/4.9.1/../../../../../H-x86_64-mingw32/nios2-elf/lib/mno-hw-mul\libc.a(lib_a-mallocr.o)
                0x000000000201c7a4                __malloc_sbrk_base
                0x000000000201c7a8                __malloc_trim_threshold
 .sdata         0x000000000201c7ac        0x4 d:/program_files/altera/nios2eds/bin/gnu/h-x86_64-mingw32/bin/../lib/gcc/nios2-elf/4.9.1/../../../../../H-x86_64-mingw32/nios2-elf/lib/mno-hw-mul\libc.a(lib_a-ctype_.o)
                0x000000000201c7ac                __ctype_ptr__
 .sdata         0x000000000201c7b0        0x4 d:/program_files/altera/nios2eds/bin/gnu/h-x86_64-mingw32/bin/../lib/gcc/nios2-elf/4.9.1/../../../../../H-x86_64-mingw32/nios2-elf/lib/mno-hw-mul\libc.a(lib_a-locale.o)
                0x000000000201c7b0                __mb_cur_max
 .sdata         0x000000000201c7b4        0x4 d:/program_files/altera/nios2eds/bin/gnu/h-x86_64-mingw32/bin/../lib/gcc/nios2-elf/4.9.1/../../../../../H-x86_64-mingw32/nios2-elf/lib/mno-hw-mul\libc.a(lib_a-mbtowc_r.o)
                0x000000000201c7b4                __mbtowc
 .sdata         0x000000000201c7b8        0x4 d:/program_files/altera/nios2eds/bin/gnu/h-x86_64-mingw32/bin/../lib/gcc/nios2-elf/4.9.1/../../../../../H-x86_64-mingw32/nios2-elf/lib/mno-hw-mul\libc.a(lib_a-wctomb_r.o)
                0x000000000201c7b8                __wctomb
 .sdata         0x000000000201c7bc       0x14 ../Basic_DVS_App2_bsp/\libhal_bsp.a(alt_dev.o)
                0x000000000201c7bc                alt_fs_list
                0x000000000201c7c4                alt_dev_list
                0x000000000201c7cc                alt_max_fd
 .sdata         0x000000000201c7d0        0x4 ../Basic_DVS_App2_bsp/\libhal_bsp.a(alt_errno.o)
                0x000000000201c7d0                alt_errno
 .sdata         0x000000000201c7d4        0x4 ../Basic_DVS_App2_bsp/\libhal_bsp.a(alt_sbrk.o)
 .sdata         0x000000000201c7d8       0x48 ../Basic_DVS_App2_bsp/\libhal_bsp.a(altera_hostfs.o)
 .sdata         0x000000000201c820        0x4 ../Basic_DVS_App2_bsp/\libhal_bsp.a(alt_irq_vars.o)
                0x000000000201c820                alt_priority_mask
 .sdata         0x000000000201c824        0x8 ../Basic_DVS_App2_bsp/\libhal_bsp.a(alt_tick.o)
                0x000000000201c824                alt_alarm_list
 *(.sdata2 .sdata2.* .gnu.linkonce.s2.*)
                0x000000000201c82c                . = ALIGN (0x4)
                0x000000000201c82c                _edata = ABSOLUTE (.)
                0x000000000201c82c                PROVIDE (edata, ABSOLUTE (.))
                0x000000000201c82c                PROVIDE (__ram_rwdata_end, ABSOLUTE (.))
                0x000000000201c82c                PROVIDE (__flash_rwdata_start, LOADADDR (.rwdata))

.bss            0x000000000201e3b8      0x260
                0x000000000201e3b8                __bss_start = ABSOLUTE (.)
                0x000000000201e3b8                PROVIDE (__sbss_start, ABSOLUTE (.))
                0x000000000201e3b8                PROVIDE (___sbss_start, ABSOLUTE (.))
 *(.dynsbss)
 *(.sbss .sbss.* .gnu.linkonce.sb.*)
 .sbss          0x000000000201e3b8        0x4 d:/program_files/altera/nios2eds/bin/gnu/h-x86_64-mingw32/bin/../lib/gcc/nios2-elf/4.9.1/../../../../../H-x86_64-mingw32/nios2-elf/lib/mno-hw-mul\libc.a(lib_a-int_errno.o)
                0x000000000201e3b8                errno
 .sbss          0x000000000201e3bc        0xc d:/program_files/altera/nios2eds/bin/gnu/h-x86_64-mingw32/bin/../lib/gcc/nios2-elf/4.9.1/../../../../../H-x86_64-mingw32/nios2-elf/lib/mno-hw-mul\libc.a(lib_a-mallocr.o)
                0x000000000201e3bc                __malloc_max_total_mem
                0x000000000201e3c0                __malloc_max_sbrked_mem
                0x000000000201e3c4                __malloc_top_pad
 .sbss          0x000000000201e3c8        0xc d:/program_files/altera/nios2eds/bin/gnu/h-x86_64-mingw32/bin/../lib/gcc/nios2-elf/4.9.1/../../../../../H-x86_64-mingw32/nios2-elf/lib/mno-hw-mul\libc.a(lib_a-locale.o)
                0x000000000201e3c8                _PathLocale
                0x000000000201e3cc                __mlocale_changed
                0x000000000201e3d0                __nlocale_changed
 .sbss          0x000000000201e3d4        0xc ../Basic_DVS_App2_bsp/\libhal_bsp.a(alt_main.o)
                0x000000000201e3d4                alt_argc
                0x000000000201e3d8                alt_argv
                0x000000000201e3dc                alt_envp
 .sbss          0x000000000201e3e0        0x4 ../Basic_DVS_App2_bsp/\libhal_bsp.a(alt_irq_vars.o)
                0x000000000201e3e0                alt_irq_active
 .sbss          0x000000000201e3e4        0x8 ../Basic_DVS_App2_bsp/\libhal_bsp.a(alt_tick.o)
                0x000000000201e3e4                _alt_tick_rate
                0x000000000201e3e8                _alt_nticks
 .sbss          0x000000000201e3ec        0x4 ../Basic_DVS_App2_bsp/\libhal_bsp.a(alt_instruction_exception_entry.o)
                0x000000000201e3ec                alt_instruction_exception_handler
 *(.sbss2 .sbss2.* .gnu.linkonce.sb2.*)
 *(.scommon)
                0x000000000201e3f0                PROVIDE (__sbss_end, ABSOLUTE (.))
                0x000000000201e3f0                PROVIDE (___sbss_end, ABSOLUTE (.))
 *(.dynbss)
 *(.bss .bss.* .gnu.linkonce.b.*)
 .bss           0x000000000201e3f0        0x0 ../Basic_DVS_App2_bsp//obj/HAL/src/crt0.o
 .bss           0x000000000201e3f0        0x0 obj/default/image.o
 .bss           0x000000000201e3f0        0x0 obj/default/main.o
 .bss           0x000000000201e3f0        0x0 d:/program_files/altera/nios2eds/bin/gnu/h-x86_64-mingw32/bin/../lib/gcc/nios2-elf/4.9.1/mno-hw-mul\libgcc.a(lib2-mul.o)
 .bss           0x000000000201e3f0        0x0 d:/program_files/altera/nios2eds/bin/gnu/h-x86_64-mingw32/bin/../lib/gcc/nios2-elf/4.9.1/../../../../../H-x86_64-mingw32/nios2-elf/lib/mno-hw-mul\libc.a(lib_a-exit.o)
 .bss           0x000000000201e3f0        0x0 d:/program_files/altera/nios2eds/bin/gnu/h-x86_64-mingw32/bin/../lib/gcc/nios2-elf/4.9.1/../../../../../H-x86_64-mingw32/nios2-elf/lib/mno-hw-mul\libc.a(lib_a-fclose.o)
 .bss           0x000000000201e3f0        0x0 d:/program_files/altera/nios2eds/bin/gnu/h-x86_64-mingw32/bin/../lib/gcc/nios2-elf/4.9.1/../../../../../H-x86_64-mingw32/nios2-elf/lib/mno-hw-mul\libc.a(lib_a-fflush.o)
 .bss           0x000000000201e3f0        0x0 d:/program_files/altera/nios2eds/bin/gnu/h-x86_64-mingw32/bin/../lib/gcc/nios2-elf/4.9.1/../../../../../H-x86_64-mingw32/nios2-elf/lib/mno-hw-mul\libc.a(lib_a-findfp.o)
 .bss           0x000000000201e3f0        0x0 d:/program_files/altera/nios2eds/bin/gnu/h-x86_64-mingw32/bin/../lib/gcc/nios2-elf/4.9.1/../../../../../H-x86_64-mingw32/nios2-elf/lib/mno-hw-mul\libc.a(lib_a-fopen.o)
 .bss           0x000000000201e3f0        0x0 d:/program_files/altera/nios2eds/bin/gnu/h-x86_64-mingw32/bin/../lib/gcc/nios2-elf/4.9.1/../../../../../H-x86_64-mingw32/nios2-elf/lib/mno-hw-mul\libc.a(lib_a-fread.o)
 .bss           0x000000000201e3f0        0x0 d:/program_files/altera/nios2eds/bin/gnu/h-x86_64-mingw32/bin/../lib/gcc/nios2-elf/4.9.1/../../../../../H-x86_64-mingw32/nios2-elf/lib/mno-hw-mul\libc.a(lib_a-freer.o)
 .bss           0x000000000201e3f0        0x0 d:/program_files/altera/nios2eds/bin/gnu/h-x86_64-mingw32/bin/../lib/gcc/nios2-elf/4.9.1/../../../../../H-x86_64-mingw32/nios2-elf/lib/mno-hw-mul\libc.a(lib_a-fseek.o)
 .bss           0x000000000201e3f0        0x0 d:/program_files/altera/nios2eds/bin/gnu/h-x86_64-mingw32/bin/../lib/gcc/nios2-elf/4.9.1/../../../../../H-x86_64-mingw32/nios2-elf/lib/mno-hw-mul\libc.a(lib_a-fstatr.o)
 .bss           0x000000000201e3f0        0x0 d:/program_files/altera/nios2eds/bin/gnu/h-x86_64-mingw32/bin/../lib/gcc/nios2-elf/4.9.1/../../../../../H-x86_64-mingw32/nios2-elf/lib/mno-hw-mul\libc.a(lib_a-fwalk.o)
 .bss           0x000000000201e3f0        0x0 d:/program_files/altera/nios2eds/bin/gnu/h-x86_64-mingw32/bin/../lib/gcc/nios2-elf/4.9.1/../../../../../H-x86_64-mingw32/nios2-elf/lib/mno-hw-mul\libc.a(lib_a-fwrite.o)
 .bss           0x000000000201e3f0        0x0 d:/program_files/altera/nios2eds/bin/gnu/h-x86_64-mingw32/bin/../lib/gcc/nios2-elf/4.9.1/../../../../../H-x86_64-mingw32/nios2-elf/lib/mno-hw-mul\libc.a(lib_a-impure.o)
 .bss           0x000000000201e3f0        0x0 d:/program_files/altera/nios2eds/bin/gnu/h-x86_64-mingw32/bin/../lib/gcc/nios2-elf/4.9.1/../../../../../H-x86_64-mingw32/nios2-elf/lib/mno-hw-mul\libc.a(lib_a-int_errno.o)
 .bss           0x000000000201e3f0        0x0 d:/program_files/altera/nios2eds/bin/gnu/h-x86_64-mingw32/bin/../lib/gcc/nios2-elf/4.9.1/../../../../../H-x86_64-mingw32/nios2-elf/lib/mno-hw-mul\libc.a(lib_a-makebuf.o)
 .bss           0x000000000201e3f0        0x0 d:/program_files/altera/nios2eds/bin/gnu/h-x86_64-mingw32/bin/../lib/gcc/nios2-elf/4.9.1/../../../../../H-x86_64-mingw32/nios2-elf/lib/mno-hw-mul\libc.a(lib_a-malloc.o)
 .bss           0x000000000201e3f0       0x28 d:/program_files/altera/nios2eds/bin/gnu/h-x86_64-mingw32/bin/../lib/gcc/nios2-elf/4.9.1/../../../../../H-x86_64-mingw32/nios2-elf/lib/mno-hw-mul\libc.a(lib_a-mallocr.o)
                0x000000000201e3f0                __malloc_current_mallinfo
 .bss           0x000000000201e418        0x0 d:/program_files/altera/nios2eds/bin/gnu/h-x86_64-mingw32/bin/../lib/gcc/nios2-elf/4.9.1/../../../../../H-x86_64-mingw32/nios2-elf/lib/mno-hw-mul\libc.a(lib_a-memcpy.o)
 .bss           0x000000000201e418        0x0 d:/program_files/altera/nios2eds/bin/gnu/h-x86_64-mingw32/bin/../lib/gcc/nios2-elf/4.9.1/../../../../../H-x86_64-mingw32/nios2-elf/lib/mno-hw-mul\libc.a(lib_a-memset.o)
 .bss           0x000000000201e418        0x0 d:/program_files/altera/nios2eds/bin/gnu/h-x86_64-mingw32/bin/../lib/gcc/nios2-elf/4.9.1/../../../../../H-x86_64-mingw32/nios2-elf/lib/mno-hw-mul\libc.a(lib_a-openr.o)
 .bss           0x000000000201e418        0x0 d:/program_files/altera/nios2eds/bin/gnu/h-x86_64-mingw32/bin/../lib/gcc/nios2-elf/4.9.1/../../../../../H-x86_64-mingw32/nios2-elf/lib/mno-hw-mul\libc.a(lib_a-printf.o)
 .bss           0x000000000201e418        0x0 d:/program_files/altera/nios2eds/bin/gnu/h-x86_64-mingw32/bin/../lib/gcc/nios2-elf/4.9.1/../../../../../H-x86_64-mingw32/nios2-elf/lib/mno-hw-mul\libc.a(lib_a-puts.o)
 .bss           0x000000000201e418        0x0 d:/program_files/altera/nios2eds/bin/gnu/h-x86_64-mingw32/bin/../lib/gcc/nios2-elf/4.9.1/../../../../../H-x86_64-mingw32/nios2-elf/lib/mno-hw-mul\libc.a(lib_a-refill.o)
 .bss           0x000000000201e418        0x0 d:/program_files/altera/nios2eds/bin/gnu/h-x86_64-mingw32/bin/../lib/gcc/nios2-elf/4.9.1/../../../../../H-x86_64-mingw32/nios2-elf/lib/mno-hw-mul\libc.a(lib_a-sbrkr.o)
 .bss           0x000000000201e418        0x0 d:/program_files/altera/nios2eds/bin/gnu/h-x86_64-mingw32/bin/../lib/gcc/nios2-elf/4.9.1/../../../../../H-x86_64-mingw32/nios2-elf/lib/mno-hw-mul\libc.a(lib_a-scanf.o)
 .bss           0x000000000201e418        0x0 d:/program_files/altera/nios2eds/bin/gnu/h-x86_64-mingw32/bin/../lib/gcc/nios2-elf/4.9.1/../../../../../H-x86_64-mingw32/nios2-elf/lib/mno-hw-mul\libc.a(lib_a-stdio.o)
 .bss           0x000000000201e418        0x0 d:/program_files/altera/nios2eds/bin/gnu/h-x86_64-mingw32/bin/../lib/gcc/nios2-elf/4.9.1/../../../../../H-x86_64-mingw32/nios2-elf/lib/mno-hw-mul\libc.a(lib_a-strcat.o)
 .bss           0x000000000201e418        0x0 d:/program_files/altera/nios2eds/bin/gnu/h-x86_64-mingw32/bin/../lib/gcc/nios2-elf/4.9.1/../../../../../H-x86_64-mingw32/nios2-elf/lib/mno-hw-mul\libc.a(lib_a-strcpy.o)
 .bss           0x000000000201e418        0x0 d:/program_files/altera/nios2eds/bin/gnu/h-x86_64-mingw32/bin/../lib/gcc/nios2-elf/4.9.1/../../../../../H-x86_64-mingw32/nios2-elf/lib/mno-hw-mul\libc.a(lib_a-strlen.o)
 .bss           0x000000000201e418        0x0 d:/program_files/altera/nios2eds/bin/gnu/h-x86_64-mingw32/bin/../lib/gcc/nios2-elf/4.9.1/../../../../../H-x86_64-mingw32/nios2-elf/lib/mno-hw-mul\libc.a(lib_a-vfprintf.o)
 .bss           0x000000000201e418        0x0 d:/program_files/altera/nios2eds/bin/gnu/h-x86_64-mingw32/bin/../lib/gcc/nios2-elf/4.9.1/../../../../../H-x86_64-mingw32/nios2-elf/lib/mno-hw-mul\libc.a(lib_a-vfscanf.o)
 .bss           0x000000000201e418        0x0 d:/program_files/altera/nios2eds/bin/gnu/h-x86_64-mingw32/bin/../lib/gcc/nios2-elf/4.9.1/../../../../../H-x86_64-mingw32/nios2-elf/lib/mno-hw-mul\libc.a(lib_a-writer.o)
 .bss           0x000000000201e418        0x0 d:/program_files/altera/nios2eds/bin/gnu/h-x86_64-mingw32/bin/../lib/gcc/nios2-elf/4.9.1/../../../../../H-x86_64-mingw32/nios2-elf/lib/mno-hw-mul\libc.a(lib_a-wsetup.o)
 .bss           0x000000000201e418        0x0 d:/program_files/altera/nios2eds/bin/gnu/h-x86_64-mingw32/bin/../lib/gcc/nios2-elf/4.9.1/../../../../../H-x86_64-mingw32/nios2-elf/lib/mno-hw-mul\libc.a(closer.o)
 .bss           0x000000000201e418        0x0 d:/program_files/altera/nios2eds/bin/gnu/h-x86_64-mingw32/bin/../lib/gcc/nios2-elf/4.9.1/../../../../../H-x86_64-mingw32/nios2-elf/lib/mno-hw-mul\libc.a(lib_a-__call_atexit.o)
 .bss           0x000000000201e418        0x0 d:/program_files/altera/nios2eds/bin/gnu/h-x86_64-mingw32/bin/../lib/gcc/nios2-elf/4.9.1/../../../../../H-x86_64-mingw32/nios2-elf/lib/mno-hw-mul\libc.a(lib_a-ctype_.o)
 .bss           0x000000000201e418        0x0 d:/program_files/altera/nios2eds/bin/gnu/h-x86_64-mingw32/bin/../lib/gcc/nios2-elf/4.9.1/../../../../../H-x86_64-mingw32/nios2-elf/lib/mno-hw-mul\libc.a(lib_a-dtoa.o)
 .bss           0x000000000201e418        0x0 d:/program_files/altera/nios2eds/bin/gnu/h-x86_64-mingw32/bin/../lib/gcc/nios2-elf/4.9.1/../../../../../H-x86_64-mingw32/nios2-elf/lib/mno-hw-mul\libc.a(lib_a-flags.o)
 .bss           0x000000000201e418        0x0 d:/program_files/altera/nios2eds/bin/gnu/h-x86_64-mingw32/bin/../lib/gcc/nios2-elf/4.9.1/../../../../../H-x86_64-mingw32/nios2-elf/lib/mno-hw-mul\libc.a(lib_a-fvwrite.o)
 .bss           0x000000000201e418        0x0 d:/program_files/altera/nios2eds/bin/gnu/h-x86_64-mingw32/bin/../lib/gcc/nios2-elf/4.9.1/../../../../../H-x86_64-mingw32/nios2-elf/lib/mno-hw-mul\libc.a(lib_a-isattyr.o)
 .bss           0x000000000201e418        0x0 d:/program_files/altera/nios2eds/bin/gnu/h-x86_64-mingw32/bin/../lib/gcc/nios2-elf/4.9.1/../../../../../H-x86_64-mingw32/nios2-elf/lib/mno-hw-mul\libc.a(lib_a-iswspace.o)
 .bss           0x000000000201e418        0x0 d:/program_files/altera/nios2eds/bin/gnu/h-x86_64-mingw32/bin/../lib/gcc/nios2-elf/4.9.1/../../../../../H-x86_64-mingw32/nios2-elf/lib/mno-hw-mul\libc.a(lib_a-locale.o)
 .bss           0x000000000201e418        0x0 d:/program_files/altera/nios2eds/bin/gnu/h-x86_64-mingw32/bin/../lib/gcc/nios2-elf/4.9.1/../../../../../H-x86_64-mingw32/nios2-elf/lib/mno-hw-mul\libc.a(lib_a-lseekr.o)
 .bss           0x000000000201e418        0x0 d:/program_files/altera/nios2eds/bin/gnu/h-x86_64-mingw32/bin/../lib/gcc/nios2-elf/4.9.1/../../../../../H-x86_64-mingw32/nios2-elf/lib/mno-hw-mul\libc.a(lib_a-mbrtowc.o)
 .bss           0x000000000201e418        0x0 d:/program_files/altera/nios2eds/bin/gnu/h-x86_64-mingw32/bin/../lib/gcc/nios2-elf/4.9.1/../../../../../H-x86_64-mingw32/nios2-elf/lib/mno-hw-mul\libc.a(lib_a-mbtowc_r.o)